Component: ARM Compiler 5.06 update 5 (build 528) Tool: armlink [4d35e2]

==============================================================================

Section Cross References

    startup_stm32f10x_md.o(STACK) refers (Special) to heapauxi.o(.text) for __use_two_region_memory
    startup_stm32f10x_md.o(HEAP) refers (Special) to heapauxi.o(.text) for __use_two_region_memory
    startup_stm32f10x_md.o(RESET) refers (Special) to heapauxi.o(.text) for __use_two_region_memory
    startup_stm32f10x_md.o(RESET) refers to startup_stm32f10x_md.o(STACK) for __initial_sp
    startup_stm32f10x_md.o(RESET) refers to startup_stm32f10x_md.o(.text) for Reset_Handler
    startup_stm32f10x_md.o(RESET) refers to stm32f10x_it.o(i.NMI_Handler) for NMI_Handler
    startup_stm32f10x_md.o(RESET) refers to stm32f10x_it.o(i.HardFault_Handler) for HardFault_Handler
    startup_stm32f10x_md.o(RESET) refers to stm32f10x_it.o(i.MemManage_Handler) for MemManage_Handler
    startup_stm32f10x_md.o(RESET) refers to stm32f10x_it.o(i.BusFault_Handler) for BusFault_Handler
    startup_stm32f10x_md.o(RESET) refers to stm32f10x_it.o(i.UsageFault_Handler) for UsageFault_Handler
    startup_stm32f10x_md.o(RESET) refers to stm32f10x_it.o(i.SVC_Handler) for SVC_Handler
    startup_stm32f10x_md.o(RESET) refers to stm32f10x_it.o(i.DebugMon_Handler) for DebugMon_Handler
    startup_stm32f10x_md.o(RESET) refers to stm32f10x_it.o(i.PendSV_Handler) for PendSV_Handler
    startup_stm32f10x_md.o(RESET) refers to stm32f10x_it.o(i.SysTick_Handler) for SysTick_Handler
    startup_stm32f10x_md.o(RESET) refers to main.o(i.TIM4_IRQHandler) for TIM4_IRQHandler
    startup_stm32f10x_md.o(.text) refers (Special) to heapauxi.o(.text) for __use_two_region_memory
    startup_stm32f10x_md.o(.text) refers to system_stm32f10x.o(i.SystemInit) for SystemInit
    startup_stm32f10x_md.o(.text) refers to __main.o(!!!main) for __main
    startup_stm32f10x_md.o(.text) refers to startup_stm32f10x_md.o(HEAP) for Heap_Mem
    startup_stm32f10x_md.o(.text) refers to startup_stm32f10x_md.o(STACK) for Stack_Mem
    system_stm32f10x.o(i.SystemCoreClockUpdate) refers to system_stm32f10x.o(.data) for .data
    system_stm32f10x.o(i.SystemInit) refers to system_stm32f10x.o(i.SetSysClockTo72) for SetSysClockTo72
    stm32f10x_adc.o(i.ADC_DeInit) refers to stm32f10x_rcc.o(i.RCC_APB2PeriphResetCmd) for RCC_APB2PeriphResetCmd
    stm32f10x_bkp.o(i.BKP_DeInit) refers to stm32f10x_rcc.o(i.RCC_BackupResetCmd) for RCC_BackupResetCmd
    stm32f10x_can.o(i.CAN_DeInit) refers to stm32f10x_rcc.o(i.RCC_APB1PeriphResetCmd) for RCC_APB1PeriphResetCmd
    stm32f10x_can.o(i.CAN_GetITStatus) refers to stm32f10x_can.o(i.CheckITStatus) for CheckITStatus
    stm32f10x_cec.o(i.CEC_DeInit) refers to stm32f10x_rcc.o(i.RCC_APB1PeriphResetCmd) for RCC_APB1PeriphResetCmd
    stm32f10x_dac.o(i.DAC_DeInit) refers to stm32f10x_rcc.o(i.RCC_APB1PeriphResetCmd) for RCC_APB1PeriphResetCmd
    stm32f10x_flash.o(i.FLASH_EnableWriteProtection) refers to stm32f10x_flash.o(i.FLASH_WaitForLastOperation) for FLASH_WaitForLastOperation
    stm32f10x_flash.o(i.FLASH_EraseAllBank1Pages) refers to stm32f10x_flash.o(i.FLASH_WaitForLastBank1Operation) for FLASH_WaitForLastBank1Operation
    stm32f10x_flash.o(i.FLASH_EraseAllPages) refers to stm32f10x_flash.o(i.FLASH_WaitForLastOperation) for FLASH_WaitForLastOperation
    stm32f10x_flash.o(i.FLASH_EraseOptionBytes) refers to stm32f10x_flash.o(i.FLASH_GetReadOutProtectionStatus) for FLASH_GetReadOutProtectionStatus
    stm32f10x_flash.o(i.FLASH_EraseOptionBytes) refers to stm32f10x_flash.o(i.FLASH_WaitForLastOperation) for FLASH_WaitForLastOperation
    stm32f10x_flash.o(i.FLASH_ErasePage) refers to stm32f10x_flash.o(i.FLASH_WaitForLastOperation) for FLASH_WaitForLastOperation
    stm32f10x_flash.o(i.FLASH_ProgramHalfWord) refers to stm32f10x_flash.o(i.FLASH_WaitForLastOperation) for FLASH_WaitForLastOperation
    stm32f10x_flash.o(i.FLASH_ProgramOptionByteData) refers to stm32f10x_flash.o(i.FLASH_WaitForLastOperation) for FLASH_WaitForLastOperation
    stm32f10x_flash.o(i.FLASH_ProgramWord) refers to stm32f10x_flash.o(i.FLASH_WaitForLastOperation) for FLASH_WaitForLastOperation
    stm32f10x_flash.o(i.FLASH_ReadOutProtection) refers to stm32f10x_flash.o(i.FLASH_WaitForLastOperation) for FLASH_WaitForLastOperation
    stm32f10x_flash.o(i.FLASH_UserOptionByteConfig) refers to stm32f10x_flash.o(i.FLASH_WaitForLastOperation) for FLASH_WaitForLastOperation
    stm32f10x_flash.o(i.FLASH_WaitForLastBank1Operation) refers to stm32f10x_flash.o(i.FLASH_GetBank1Status) for FLASH_GetBank1Status
    stm32f10x_flash.o(i.FLASH_WaitForLastOperation) refers to stm32f10x_flash.o(i.FLASH_GetBank1Status) for FLASH_GetBank1Status
    stm32f10x_gpio.o(i.GPIO_AFIODeInit) refers to stm32f10x_rcc.o(i.RCC_APB2PeriphResetCmd) for RCC_APB2PeriphResetCmd
    stm32f10x_gpio.o(i.GPIO_DeInit) refers to stm32f10x_rcc.o(i.RCC_APB2PeriphResetCmd) for RCC_APB2PeriphResetCmd
[...]
    __rt_SIGRTMEM                            0x08001725   Thumb Code    14  defsig_rtmem_outer.o(.text)
    __ARM_exceptions_buffer_init             0x08001733   Thumb Code    18  arm_exceptions_mem.o(.text)
    __ARM_exceptions_buffer_allocate         0x08001745   Thumb Code    22  arm_exceptions_mem.o(.text)
    __ARM_exceptions_buffer_free             0x0800175b   Thumb Code    20  arm_exceptions_mem.o(.text)
    __I$use$semihosting                      0x0800176f   Thumb Code     0  use_no_semi.o(.text)
    __use_no_semihosting_swi                 0x0800176f   Thumb Code     2  use_no_semi.o(.text)
    __semihosting_library_function           0x08001771   Thumb Code     0  indicate_semi.o(.text)
    __sig_exit                               0x08001771   Thumb Code    10  defsig_exit.o(.text)
    __rt_SIGABRT_inner                       0x0800177d   Thumb Code    14  defsig_abrt_inner.o(.text)
    __rt_SIGRTMEM_inner                      0x080017ad   Thumb Code    22  defsig_rtmem_inner.o(.text)
    __default_signal_display                 0x080017fd   Thumb Code    50  defsig_general.o(.text)
    _ttywrch                                 0x0800182f   Thumb Code    14  sys_wrch.o(.text)
    _btod_d2e                                0x0800183d   Thumb Code    62  btod.o(CL$$btod_d2e)
    _d2e_denorm_low                          0x0800187b   Thumb Code    70  btod.o(CL$$btod_d2e_denorm_low)
    _d2e_norm_op1                            0x080018c1   Thumb Code    96  btod.o(CL$$btod_d2e_norm_op1)
    __btod_div_common                        0x08001921   Thumb Code   696  btod.o(CL$$btod_div_common)
    _e2e                                     0x08001c59   Thumb Code   220  btod.o(CL$$btod_e2e)
    _btod_ediv                               0x08001d35   Thumb Code    42  btod.o(CL$$btod_ediv)
    _btod_emul                               0x08001d5f   Thumb Code    42  btod.o(CL$$btod_emul)
    __btod_mult_common                       0x08001d89   Thumb Code   580  btod.o(CL$$btod_mult_common)
    BackEventMenuItem                        0x08001fcd   Thumb Code    18  oled_ui.o(i.BackEventMenuItem)
    BrightnessWindow                         0x08001fe5   Thumb Code     6  oled_ui_menudata.o(i.BrightnessWindow)
    BusFault_Handler                         0x08001ff1   Thumb Code     2  stm32f10x_it.o(i.BusFault_Handler)
    CalcStringWidth                          0x08001ff3   Thumb Code    62  oled_ui.o(i.CalcStringWidth)
    ChangeArea                               0x08002031   Thumb Code   118  oled_ui.o(i.ChangeArea)
    ChangeDistance                           0x080020a7   Thumb Code    24  oled_ui.o(i.ChangeDistance)
    ChangeFloatNum                           0x080020c1   Thumb Code   390  oled_ui.o(i.ChangeFloatNum)
    ChangePoint                              0x0800226d   Thumb Code    62  oled_ui.o(i.ChangePoint)
    CurrentMenuPageBackUp                    0x080022ad   Thumb Code   130  oled_ui.o(i.CurrentMenuPageBackUp)
    CurrentMenuPageInit                      0x08002339   Thumb Code   214  oled_ui.o(i.CurrentMenuPageInit)
    DebugMon_Handler                         0x08002425   Thumb Code     2  stm32f10x_it.o(i.DebugMon_Handler)
    Delay_ms                                 0x08002427   Thumb Code    22  oled_ui_driver.o(i.Delay_ms)
    Delay_us                                 0x0800243d   Thumb Code    32  oled_ui_driver.o(i.Delay_us)
    DrawLinePermix                           0x0800245d   Thumb Code   178  oled_ui.o(i.DrawLinePermix)
    Encoder_Disable                          0x0800252d   Thumb Code     8  bsp_encoder.o(i.Encoder_Disable)
    Encoder_Enable                           0x08002539   Thumb Code     8  bsp_encoder.o(i.Encoder_Enable)
    Encoder_Get                              0x08002545   Thumb Code    46  bsp_encoder.o(i.Encoder_Get)
    Encoder_Init                             0x0800257d   Thumb Code   158  bsp_encoder.o(i.Encoder_Init)
    EnterEventMenuItem                       0x08002625   Thumb Code    86  oled_ui.o(i.EnterEventMenuItem)
    GPIO_Init                                0x08002681   Thumb Code   162  stm32f10x_gpio.o(i.GPIO_Init)
    GPIO_ReadInputDataBit                    0x08002723   Thumb Code    14  stm32f10x_gpio.o(i.GPIO_ReadInputDataBit)
    GPIO_WriteBit                            0x08002731   Thumb Code    10  stm32f10x_gpio.o(i.GPIO_WriteBit)
    GetCurrentMenuPageMaxSlotNum             0x0800273d   Thumb Code    78  oled_ui.o(i.GetCurrentMenuPageMaxSlotNum)
    GetEnterFlag                             0x08002795   Thumb Code    14  oled_ui.o(i.GetEnterFlag)
    GetFadeoutFlag                           0x080027a9   Thumb Code    14  oled_ui.o(i.GetFadeoutFlag)
    GetMenuItemNum                           0x080027bd   Thumb Code    24  oled_ui.o(i.GetMenuItemNum)
    GetOLED_Font                             0x080027d5   Thumb Code    46  oled_ui.o(i.GetOLED_Font)
    GetWindowProbDataStyle                   0x08002803   Thumb Code    46  oled_ui.o(i.GetWindowProbDataStyle)
    HardFault_Handler                        0x08002831   Thumb Code     2  stm32f10x_it.o(i.HardFault_Handler)
    Key_Init                                 0x08002835   Thumb Code    40  bsp_key.o(i.Key_Init)
    MemManage_Handler                        0x08002861   Thumb Code     2  stm32f10x_it.o(i.MemManage_Handler)
    MenuItemsMoveDown                        0x08002865   Thumb Code    36  oled_ui.o(i.MenuItemsMoveDown)
    MenuItemsMoveLeft                        0x08002891   Thumb Code    36  oled_ui.o(i.MenuItemsMoveLeft)
    MenuItemsMoveRight                       0x080028bd   Thumb Code    36  oled_ui.o(i.MenuItemsMoveRight)
    MenuItemsMoveUp                          0x080028e9   Thumb Code    36  oled_ui.o(i.MenuItemsMoveUp)
    MoveMenuElements                         0x08002915   Thumb Code   146  oled_ui.o(i.MoveMenuElements)
    NMI_Handler                              0x080029b5   Thumb Code     2  stm32f10x_it.o(i.NMI_Handler)
    NVIC_Init                                0x080029b9   Thumb Code    94  misc.o(i.NVIC_Init)
    NVIC_PriorityGroupConfig                 0x08002a1d   Thumb Code    10  misc.o(i.NVIC_PriorityGroupConfig)
    OLED_Brightness                          0x08002a31   Thumb Code    34  oled_driver.o(i.OLED_Brightness)
    OLED_Clear                               0x08002a55   Thumb Code    34  oled.o(i.OLED_Clear)
    OLED_ClearArea                           0x08002a7d   Thumb Code   122  oled.o(i.OLED_ClearArea)
    OLED_DrawArc                             0x08002afd   Thumb Code   600  oled.o(i.OLED_DrawArc)
    OLED_DrawLine                            0x08002d55   Thumb Code   234  oled.o(i.OLED_DrawLine)
    OLED_DrawPoint                           0x08002e41   Thumb Code    52  oled.o(i.OLED_DrawPoint)
    OLED_DrawRectangle                       0x08002e79   Thumb Code   272  oled.o(i.OLED_DrawRectangle)
    OLED_DrawRoundedRectangle                0x08002f8d   Thumb Code   292  oled.o(i.OLED_DrawRoundedRectangle)
    OLED_DrawWindow                          0x080030b1   Thumb Code  2316  oled_ui.o(i.OLED_DrawWindow)
    OLED_GPIO_Init                           0x080039c1   Thumb Code    88  oled_driver.o(i.OLED_GPIO_Init)
    OLED_I2C_SendByte                        0x08003a1d   Thumb Code    58  oled_driver.o(i.OLED_I2C_SendByte)
    OLED_I2C_Start                           0x08003a57   Thumb Code    30  oled_driver.o(i.OLED_I2C_Start)
    OLED_I2C_Stop                            0x08003a75   Thumb Code    24  oled_driver.o(i.OLED_I2C_Stop)
    OLED_Init                                0x08003a8d   Thumb Code   156  oled_driver.o(i.OLED_Init)
    OLED_IsInAngle                           0x08003b29   Thumb Code    82  oled.o(i.OLED_IsInAngle)
    OLED_KeyAndEncoderRecord                 0x08003b89   Thumb Code   342  oled_ui.o(i.OLED_KeyAndEncoderRecord)
    OLED_PrintfMixArea                       0x08003ced   Thumb Code    62  oled.o(i.OLED_PrintfMixArea)
    OLED_ReverseArea                         0x08003d2d   Thumb Code   122  oled.o(i.OLED_ReverseArea)
    OLED_SetCursor                           0x08003dad   Thumb Code    34  oled_driver.o(i.OLED_SetCursor)
    OLED_ShowCharArea                        0x08003dd1   Thumb Code   128  oled.o(i.OLED_ShowCharArea)
    OLED_ShowChineseArea                     0x08003e61   Thumb Code   468  oled.o(i.OLED_ShowChineseArea)
    OLED_ShowImageArea                       0x08004049   Thumb Code   300  oled.o(i.OLED_ShowImageArea)
    OLED_ShowMixStringArea                   0x08004179   Thumb Code   118  oled.o(i.OLED_ShowMixStringArea)
    OLED_UI_Back                             0x080041ef   Thumb Code     4  oled_ui.o(i.OLED_UI_Back)
    OLED_UI_CreateWindow                     0x080041f5   Thumb Code    96  oled_ui.o(i.OLED_UI_CreateWindow)
    OLED_UI_FadeOut_Masking                  0x0800425d   Thumb Code   206  oled_ui.o(i.OLED_UI_FadeOut_Masking)
    OLED_UI_FadeoutAllArea                   0x08004335   Thumb Code    60  oled_ui.o(i.OLED_UI_FadeoutAllArea)
    OLED_UI_FadeoutCurrentArea               0x08004375   Thumb Code    72  oled_ui.o(i.OLED_UI_FadeoutCurrentArea)
    OLED_UI_Init                             0x080043c1   Thumb Code    32  oled_ui.o(i.OLED_UI_Init)
    OLED_UI_InterruptHandler                 0x080043e5   Thumb Code   380  oled_ui.o(i.OLED_UI_InterruptHandler)
    OLED_UI_MainLoop                         0x08004569   Thumb Code    26  oled_ui.o(i.OLED_UI_MainLoop)
    OLED_Update                              0x08004585   Thumb Code    34  oled_driver.o(i.OLED_Update)
    OLED_W_SCL                               0x080045ad   Thumb Code    12  oled_driver.o(i.OLED_W_SCL)
    OLED_W_SDA                               0x080045bd   Thumb Code    12  oled_driver.o(i.OLED_W_SDA)
    OLED_WindowDataDispose                   0x080045cd   Thumb Code   562  oled_ui.o(i.OLED_WindowDataDispose)
    OLED_WriteCommand                        0x08004809   Thumb Code    34  oled_driver.o(i.OLED_WriteCommand)
    OLED_WriteData                           0x0800482d   Thumb Code    62  oled_driver.o(i.OLED_WriteData)
    OnDivideSelected                         0x08004871   Thumb Code     8  oled_ui_menudata.o(i.OnDivideSelected)
    OnMultiplySelected                       0x0800487d   Thumb Code     8  oled_ui_menudata.o(i.OnMultiplySelected)
    OnPlusSelected                           0x08004889   Thumb Code     8  oled_ui_menudata.o(i.OnPlusSelected)
    OnSubtractSelected                       0x08004895   Thumb Code     8  oled_ui_menudata.o(i.OnSubtractSelected)
    PendSV_Handler                           0x080048a1   Thumb Code     2  stm32f10x_it.o(i.PendSV_Handler)
    PrintMenuElements                        0x080048a5   Thumb Code  1616  oled_ui.o(i.PrintMenuElements)
    RCC_APB1PeriphClockCmd                   0x08004f01   Thumb Code    18  stm32f10x_rcc.o(i.RCC_APB1PeriphClockCmd)
    RCC_APB2PeriphClockCmd                   0x08004f19   Thumb Code    18  stm32f10x_rcc.o(i.RCC_APB2PeriphClockCmd)
    ReverseCoordinate                        0x08004f31   Thumb Code   276  oled_ui.o(i.ReverseCoordinate)
    RunCurrentCallBackFunction               0x08005049   Thumb Code    46  oled_ui.o(i.RunCurrentCallBackFunction)
    RunFadeOut                               0x0800507d   Thumb Code   410  oled_ui.o(i.RunFadeOut)
    SVC_Handler                              0x08005225   Thumb Code     2  stm32f10x_it.o(i.SVC_Handler)
    SetCursorZero                            0x08005229   Thumb Code    22  oled_ui.o(i.SetCursorZero)
    SetEnterFlag                             0x08005245   Thumb Code    10  oled_ui.o(i.SetEnterFlag)
    SetFadeOutFlag                           0x08005255   Thumb Code     8  oled_ui.o(i.SetFadeOutFlag)
    SetLineSplitZero                         0x08005261   Thumb Code    44  oled_ui.o(i.SetLineSplitZero)
    SetTargetCursor                          0x08005339   Thumb Code   480  oled_ui.o(i.SetTargetCursor)
    SetTargetMenuFrame                       0x08005525   Thumb Code    24  oled_ui.o(i.SetTargetMenuFrame)
    SetTargetProbWidth                       0x08005545   Thumb Code   338  oled_ui.o(i.SetTargetProbWidth)
    SetTargetScrollBarHeight                 0x080056a1   Thumb Code    88  oled_ui.o(i.SetTargetScrollBarHeight)
    ShowFirstFloatNumberWindow               0x08005701   Thumb Code     6  oled_ui_menudata.o(i.ShowFirstFloatNumberWindow)
    ShowFirstIntNumberWindow                 0x0800570d   Thumb Code     6  oled_ui_menudata.o(i.ShowFirstIntNumberWindow)
    ShowSecondFloatNumberWindow              0x08005719   Thumb Code     6  oled_ui_menudata.o(i.ShowSecondFloatNumberWindow)
    ShowSecondIntNumberWindow                0x08005725   Thumb Code     6  oled_ui_menudata.o(i.ShowSecondIntNumberWindow)
    SysTick_Handler                          0x08005731   Thumb Code     2  stm32f10x_it.o(i.SysTick_Handler)
    SystemInit                               0x08005735   Thumb Code    64  system_stm32f10x.o(i.SystemInit)
    TIM4_IRQHandler                          0x0800586d   Thumb Code    34  main.o(i.TIM4_IRQHandler)
    TIM_ClearFlag                            0x08005895   Thumb Code     6  stm32f10x_tim.o(i.TIM_ClearFlag)
    TIM_ClearITPendingBit                    0x0800589b   Thumb Code     6  stm32f10x_tim.o(i.TIM_ClearITPendingBit)
    TIM_Cmd                                  0x080058a1   Thumb Code    20  stm32f10x_tim.o(i.TIM_Cmd)
    TIM_EncoderInterfaceConfig               0x080058b5   Thumb Code    50  stm32f10x_tim.o(i.TIM_EncoderInterfaceConfig)
    TIM_GetCounter                           0x080058e7   Thumb Code     4  stm32f10x_tim.o(i.TIM_GetCounter)
    TIM_GetITStatus                          0x080058eb   Thumb Code    24  stm32f10x_tim.o(i.TIM_GetITStatus)
    TIM_ICInit                               0x08005905   Thumb Code   280  stm32f10x_tim.o(i.TIM_ICInit)
    TIM_ICStructInit                         0x08005a31   Thumb Code    16  stm32f10x_tim.o(i.TIM_ICStructInit)
    TIM_ITConfig                             0x08005a41   Thumb Code    16  stm32f10x_tim.o(i.TIM_ITConfig)
    TIM_InternalClockConfig                  0x08005a51   Thumb Code    10  stm32f10x_tim.o(i.TIM_InternalClockConfig)
    TIM_SetCounter                           0x08005a5b   Thumb Code     4  stm32f10x_tim.o(i.TIM_SetCounter)
    TIM_SetIC1Prescaler                      0x08005a5f   Thumb Code    16  stm32f10x_tim.o(i.TIM_SetIC1Prescaler)
    TIM_SetIC2Prescaler                      0x08005a6f   Thumb Code    24  stm32f10x_tim.o(i.TIM_SetIC2Prescaler)
    TIM_SetIC3Prescaler                      0x08005a87   Thumb Code    16  stm32f10x_tim.o(i.TIM_SetIC3Prescaler)
    TIM_SetIC4Prescaler                      0x08005a97   Thumb Code    24  stm32f10x_tim.o(i.TIM_SetIC4Prescaler)
    TIM_TimeBaseInit                         0x08005ab1   Thumb Code   114  stm32f10x_tim.o(i.TIM_TimeBaseInit)
    Timer_Init                               0x08005b4d   Thumb Code   118  bsp_key.o(i.Timer_Init)
    UsageFault_Handler                       0x08005bc9   Thumb Code     2  stm32f10x_it.o(i.UsageFault_Handler)
    __rw::__rw_deallocate(void*, unsigned, int) 0x08005bcb   Thumb Code     4  rwalloc.o(i._ZN4__rw15__rw_deallocateEPvji)
    operator delete[] (void*)                0x08005bcf   Thumb Code     8  array_del.o(i._ZdaPv)
    operator delete (void*)                  0x08005bd7   Thumb Code     8  delete.o(i._ZdlPv)
    operator new[] (unsigned)                0x08005bdf   Thumb Code     8  array_new.o(i._Znaj)
    operator new(unsigned)                   0x08005be9   Thumb Code    34  new.o(i._Znwj)
    __ARM_fpclassify                         0x08005c11   Thumb Code    40  fpclassify.o(i.__ARM_fpclassify)
    __kernel_poly                            0x08005c39   Thumb Code   170  poly.o(i.__kernel_poly)
    __mathlib_dbl_infnan                     0x08005ce3   Thumb Code     6  dunder.o(i.__mathlib_dbl_infnan)
    __mathlib_dbl_infnan2                    0x08005ce9   Thumb Code     4  dunder.o(i.__mathlib_dbl_infnan2)
    __mathlib_dbl_underflow                  0x08005ced   Thumb Code    10  dunder.o(i.__mathlib_dbl_underflow)
    _is_digit                                0x08005d75   Thumb Code    14  __printf_wp.o(i._is_digit)
    atan                                     0x08005d85   Thumb Code   474  atan.o(i.atan)
    atan2                                    0x08005fa5   Thumb Code   346  atan2.o(i.atan2)
    ceil                                     0x08006125   Thumb Code   204  ceil.o(i.ceil)
    fmin                                     0x08006201   Thumb Code    66  fmin.o(i.fmin)
    main                                     0x08006245   Thumb Code    14  main.o(i.main)
    _get_lc_ctype                            0x08006259   Thumb Code    44  lc_ctype_c.o(locale$$code)
    _get_lc_numeric                          0x08006285   Thumb Code    44  lc_numeric_c.o(locale$$code)
    __rw::__rw_locale_vector<__rw::__rw_cat*>::~__rw_locale_vector() 0x080062b1   Thumb Code    14  rwcats.o(t._ZN4__rw18__rw_locale_vectorIPNS_8__rw_catEED1Ev)
    __rw::__rw_locale_vector<__rw::__rw_cat*>::~__rw_locale_vector__sub_object() 0x080062b1   Thumb Code     0  rwcats.o(t._ZN4__rw18__rw_locale_vectorIPNS_8__rw_catEED1Ev)
    std::vector<char, std::allocator<char>>::~vector() 0x080062bf   Thumb Code    32  cal_calculate.o(t._ZNSt6vectorIcSaIcEED1Ev)
    std::vector<char, std::allocator<char>>::~vector__sub_object() 0x080062bf   Thumb Code     0  cal_calculate.o(t._ZNSt6vectorIcSaIcEED1Ev)
    __aeabi_d2f                              0x080062e1   Thumb Code     0  d2f.o(x$fpl$d2f)
    _d2f                                     0x080062e1   Thumb Code    98  d2f.o(x$fpl$d2f)
    __aeabi_dadd                             0x08006345   Thumb Code     0  daddsub_clz.o(x$fpl$dadd)
    _dadd                                    0x08006345   Thumb Code   332  daddsub_clz.o(x$fpl$dadd)
    __fpl_dcheck_NaN1                        0x08006495   Thumb Code    10  dcheck1.o(x$fpl$dcheck1)
    __dcmp4                                  0x080064a5   Thumb Code    98  dcmp4.o(x$fpl$dcmp4)
    __ARM_dcmp4                              0x08006507   Thumb Code     0  dcmp4.o(x$fpl$dcmp4)
    _dcmp4                                   0x08006507   Thumb Code    60  dcmp4.o(x$fpl$dcmp4)
    __dcmp4e                                 0x08006543   Thumb Code    98  dcmp4.o(x$fpl$dcmp4)
    __ARM_dcmp4e                             0x080065a5   Thumb Code     0  dcmp4.o(x$fpl$dcmp4)
    _dcmp4e                                  0x080065a5   Thumb Code    54  dcmp4.o(x$fpl$dcmp4)
    __fpl_dcmp_Inf                           0x080065db   Thumb Code    24  dcmpi.o(x$fpl$dcmpinf)
    __aeabi_ddiv                             0x080065f5   Thumb Code     0  ddiv.o(x$fpl$ddiv)
    _ddiv                                    0x080065f5   Thumb Code   552  ddiv.o(x$fpl$ddiv)
    __aeabi_d2iz                             0x080068a5   Thumb Code     0  dfix.o(x$fpl$dfix)
    _dfix                                    0x080068a5   Thumb Code    94  dfix.o(x$fpl$dfix)
    __aeabi_i2d                              0x08006903   Thumb Code     0  dflt_clz.o(x$fpl$dflt)
    _dflt                                    0x08006903   Thumb Code    46  dflt_clz.o(x$fpl$dflt)
    __aeabi_cdcmple                          0x08006931   Thumb Code     0  dleqf.o(x$fpl$dleqf)
    _dcmple                                  0x08006931   Thumb Code   120  dleqf.o(x$fpl$dleqf)
    __fpl_dcmple_InfNaN                      0x08006993   Thumb Code     0  dleqf.o(x$fpl$dleqf)
    __aeabi_dmul                             0x080069a9   Thumb Code     0  dmul.o(x$fpl$dmul)
    _dmul                                    0x080069a9   Thumb Code   332  dmul.o(x$fpl$dmul)
    __fpl_dnaninf                            0x08006afd   Thumb Code   156  dnaninf.o(x$fpl$dnaninf)
    __fpl_dretinf                            0x08006b99   Thumb Code    12  dretinf.o(x$fpl$dretinf)
    __aeabi_cdrcmple                         0x08006ba5   Thumb Code     0  drleqf.o(x$fpl$drleqf)
    _drcmple                                 0x08006ba5   Thumb Code   108  drleqf.o(x$fpl$drleqf)
    __aeabi_drsub                            0x08006c11   Thumb Code     0  daddsub_clz.o(x$fpl$drsb)
    _drsb                                    0x08006c11   Thumb Code    22  daddsub_clz.o(x$fpl$drsb)
    __aeabi_dsub                             0x08006c29   Thumb Code     0  daddsub_clz.o(x$fpl$dsub)
    _dsub                                    0x08006c29   Thumb Code   464  daddsub_clz.o(x$fpl$dsub)
    __aeabi_f2d                              0x08006dfd   Thumb Code     0  f2d.o(x$fpl$f2d)
    _f2d                                     0x08006dfd   Thumb Code    86  f2d.o(x$fpl$f2d)
    __aeabi_fadd                             0x08006e55   Thumb Code     0  faddsub_clz.o(x$fpl$fadd)
    _fadd                                    0x08006e55   Thumb Code   196  faddsub_clz.o(x$fpl$fadd)
    __fpl_fcmp_Inf                           0x08006f19   Thumb Code    24  fcmpi.o(x$fpl$fcmpinf)
    __aeabi_fdiv                             0x08006f31   Thumb Code     0  fdiv.o(x$fpl$fdiv)
    _fdiv                                    0x08006f31   Thumb Code   384  fdiv.o(x$fpl$fdiv)
    __aeabi_cfcmpeq                          0x080070b5   Thumb Code     0  feqf.o(x$fpl$feqf)
    _fcmpeq                                  0x080070b5   Thumb Code   104  feqf.o(x$fpl$feqf)
    __aeabi_f2iz                             0x0800711d   Thumb Code     0  ffix.o(x$fpl$ffix)
    _ffix                                    0x0800711d   Thumb Code    54  ffix.o(x$fpl$ffix)
    __aeabi_i2f                              0x08007155   Thumb Code     0  fflt_clz.o(x$fpl$fflt)
    _fflt                                    0x08007155   Thumb Code    48  fflt_clz.o(x$fpl$fflt)
    __aeabi_ul2f                             0x08007185   Thumb Code     0  ffltll_clz.o(x$fpl$ffltll)
    _ll_uto_f                                0x08007185   Thumb Code     6  ffltll_clz.o(x$fpl$ffltll)
    __aeabi_l2f                              0x0800718b   Thumb Code     0  ffltll_clz.o(x$fpl$ffltll)
    _ll_sto_f                                0x0800718b   Thumb Code    90  ffltll_clz.o(x$fpl$ffltll)
    __aeabi_cfcmple                          0x080071e5   Thumb Code     0  fleqf.o(x$fpl$fleqf)
    _fcmple                                  0x080071e5   Thumb Code   104  fleqf.o(x$fpl$fleqf)
    __fpl_fcmple_InfNaN                      0x08007237   Thumb Code     0  fleqf.o(x$fpl$fleqf)
    __aeabi_fmul                             0x0800724d   Thumb Code     0  fmul.o(x$fpl$fmul)
    _fmul                                    0x0800724d   Thumb Code   258  fmul.o(x$fpl$fmul)
    __fpl_fnaninf                            0x0800734f   Thumb Code   140  fnaninf.o(x$fpl$fnaninf)
    __fpl_fretinf                            0x080073db   Thumb Code    10  fretinf.o(x$fpl$fretinf)
    __aeabi_cfrcmple                         0x080073e5   Thumb Code     0  frleqf.o(x$fpl$frleqf)
    _frcmple                                 0x080073e5   Thumb Code    98  frleqf.o(x$fpl$frleqf)
    __aeabi_frsub                            0x08007447   Thumb Code     0  faddsub_clz.o(x$fpl$frsb)
    _frsb                                    0x08007447   Thumb Code    20  faddsub_clz.o(x$fpl$frsb)
    __aeabi_fsub                             0x0800745d   Thumb Code     0  faddsub_clz.o(x$fpl$fsub)
    _fsub                                    0x0800745d   Thumb Code   234  faddsub_clz.o(x$fpl$fsub)
    __aeabi_f2lz                             0x08007549   Thumb Code     0  ffixll.o(x$fpl$llsfromf)
    _ll_sfrom_f                              0x08007549   Thumb Code   134  ffixll.o(x$fpl$llsfromf)
    _printf_fp_dec                           0x080075cf   Thumb Code     4  printf1.o(x$fpl$printf1)
    _printf_fp_hex                           0x080075d3   Thumb Code     4  printf2.o(x$fpl$printf2)
    __fpl_return_NaN                         0x080075d7   Thumb Code   100  retnan.o(x$fpl$retnan)
    __ARM_scalbn                             0x0800763b   Thumb Code    92  scalbn.o(x$fpl$scalbn)
    __fpl_cmpreturn                          0x08007697   Thumb Code    48  trapv.o(x$fpl$trapveneer)
    OLED_F10x20                              0x080076c6   Data        2850  oled_fonts.o(.constdata)
    __I$use$fp                               0x080076c6   Number         0  usenofp.o(x$fpl$usenofp)
    OLED_F8x16                               0x080081e8   Data        1520  oled_fonts.o(.constdata)
    OLED_F7x12                               0x080087d8   Data        1330  oled_fonts.o(.constdata)
    OLED_F6x8                                0x08008d0a   Data         570  oled_fonts.o(.constdata)
    OLED_CF20x20                             0x08008f44   Data        3276  oled_fonts.o(.constdata)
    OLED_CF16x16                             0x08009c10   Data        2905  oled_fonts.o(.constdata)
    OLED_CF12x12                             0x0800a769   Data        1863  oled_fonts.o(.constdata)
    OLED_CF8x8                               0x0800aeb0   Data         517  oled_fonts.o(.constdata)
    Arrow                                    0x0800b0b5   Data           6  oled_fonts.o(.constdata)
    UnKnown                                  0x0800b0bb   Data         656  oled_fonts.o(.constdata)
    Image_setings                            0x0800b34b   Data         128  oled_fonts.o(.constdata)
    Image_calc                               0x0800b3cb   Data         128  oled_fonts.o(.constdata)
    __mathlib_zero                           0x0800b540   Data           8  qnan.o(.constdata)
    Region$$Table$$Base                      0x0800b764   Number         0  anon$$obj.o(Region$$Table)
    Region$$Table$$Limit                     0x0800b784   Number         0  anon$$obj.o(Region$$Table)
    __ctype                                  0x0800b791   Data           0  lc_ctype_c.o(locale$$data)
    SHT$$INIT_ARRAY$$Base                    0x0800b8b0   Number         0  cal_calculate.o(.init_array)
    SHT$$INIT_ARRAY$$Limit                   0x0800b8c0   Number         0  rwcats.o(.init_array)
    OLED_ColorMode                           0x20000000   Data           1  oled_driver.o(.data)
    KeyEnterFlag                             0x20000004   Data           1  oled_ui.o(.data)
    FadeOutFlag                              0x20000005   Data           1  oled_ui.o(.data)
    OLED_UI_Brightness                       0x20000008   Data           2  oled_ui.o(.data)
    WindowProbDeltaData                      0x2000000a   Data           2  oled_ui.o(.data)
    OLED_UI_Key                              0x20000014   Data           4  oled_ui.o(.data)
    OLED_UI_LastKey                          0x20000018   Data           4  oled_ui.o(.data)
    CurrentMenuPage                          0x2000001c   Data           4  oled_ui.o(.data)
    CurrentWindow                            0x20000020   Data           4  oled_ui.o(.data)
    OLED_SustainCounter                      0x20000024   Data           4  oled_ui.o(.data)
    Calfloatnum                              0x20000028   Data           4  oled_ui_menudata.o(.data)
    Calintnum                                0x2000002c   Data           4  oled_ui_menudata.o(.data)
    Calsecfloatnum                           0x20000030   Data           4  oled_ui_menudata.o(.data)
    Calsecintnum                             0x20000034   Data           4  oled_ui_menudata.o(.data)
    SetBrightnessWindow                      0x20000038   Data          68  oled_ui_menudata.o(.data)
    NullWindow                               0x2000007c   Data          68  oled_ui_menudata.o(.data)
    FirstFloatNumberWindow                   0x200000c0   Data          68  oled_ui_menudata.o(.data)
    FirstIntNumberWindow                     0x20000104   Data          68  oled_ui_menudata.o(.data)
    SecondFloatNumberWindow                  0x20000148   Data          68  oled_ui_menudata.o(.data)
    SecondIntNumberWindow                    0x2000018c   Data          68  oled_ui_menudata.o(.data)
    MainMenuItems                            0x200001d0   Data          96  oled_ui_menudata.o(.data)
    SettingsMenuItems                        0x20000230   Data         120  oled_ui_menudata.o(.data)
    AboutThisDeviceMenuItems                 0x200002a8   Data         144  oled_ui_menudata.o(.data)
    AboutOLED_UIMenuItems                    0x20000338   Data          72  oled_ui_menudata.o(.data)
    CalculatorMenuItems                      0x20000380   Data          96  oled_ui_menudata.o(.data)
    About_OperatorMenuItems                  0x200003e0   Data         120  oled_ui_menudata.o(.data)
    CalculatorSecondMenuItems                0x20000458   Data          96  oled_ui_menudata.o(.data)
    MainMenuPage                             0x200004b8   Data          76  oled_ui_menudata.o(.data)
    CalculatorMenuPage                       0x20000504   Data          76  oled_ui_menudata.o(.data)
    SettingsMenuPage                         0x20000550   Data          76  oled_ui_menudata.o(.data)
    AboutThisDeviceMenuPage                  0x2000059c   Data          76  oled_ui_menudata.o(.data)
    AboutOLED_UIMenuPage                     0x200005e8   Data          76  oled_ui_menudata.o(.data)
    About_OperatorMenuPage                   0x20000634   Data          76  oled_ui_menudata.o(.data)
    CalculatorSecondMenuPage                 0x20000680   Data          76  oled_ui_menudata.o(.data)
    currentOperator                          0x200006d4   Data           1  main.o(.data)
    std::ctype<char>::id                     0x200006d8   Data           4  char.o(.data)
    std::ctype<wchar_t>::id                  0x200006dc   Data           4  char.o(.data)
    std::locale::_C_classic                  0x200006e8   Data           4  locale.o(.data)
    std::locale::_C_native                   0x200006ec   Data           4  locale.o(.data)
    std::locale::_C_global                   0x200006f0   Data           4  locale.o(.data)
    std::codecvt<char, char, std::__mbstate_t>::id 0x200006f4   Data           4  locale.o(.data)
    std::codecvt<wchar_t, char, std::__mbstate_t>::id 0x200006f8   Data           4  locale.o(.data)
    OLED_DisplayBuf                          0x20000704   Data        1024  oled_driver.o(.bss)
    OLED_UI_Cursor                           0x20000b04   Data          96  oled_ui.o(.bss)
    OLED_UI_MenuFrame                        0x20000b64   Data          96  oled_ui.o(.bss)
    OLED_UI_Window                           0x20000bc4   Data          96  oled_ui.o(.bss)
    OLED_UI_ScrollBarHeight                  0x20000c24   Data          24  oled_ui.o(.bss)
    OLED_UI_ProbWidth                        0x20000c3c   Data          24  oled_ui.o(.bss)
    OLED_UI_PageStartPoint                   0x20000c54   Data          48  oled_ui.o(.bss)
    OLED_UI_LineStep                         0x20000c84   Data          24  oled_ui.o(.bss)
    Expression                               0x20000c9c   Data          12  cal_calculate.o(.bss)
    __libspace_start                         0x20000ca8   Data          96  libspace.o(.bss)
    __temporary_stack_top$libspace           0x20000d08   Data           0  libspace.o(.bss)



==============================================================================

Memory Map of the image

  Image Entry point : 0x080000ed

  Load Region LR_IROM1 (Base: 0x08000000, Size: 0x0000bfc4, Max: 0x00010000, ABSOLUTE, COMPRESSED[0x0000ba2c])

    Execution Region ER_IROM1 (Exec base: 0x08000000, Load base: 0x08000000, Size: 0x0000b8c0, Max: 0x00010000, ABSOLUTE)

    Exec Addr    Load Addr    Size         Type   Attr      Idx    E Section Name        Object

    0x08000000   0x08000000   0x000000ec   Data   RO            3    RESET               startup_stm32f10x_md.o
    0x080000ec   0x080000ec   0x00000008   Code   RO         4614  * !!!main             c_w.l(__main.o)
    0x080000f4   0x080000f4   0x00000034   Code   RO         6503    !!!scatter          c_w.l(__scatter.o)
    0x08000128   0x08000128   0x0000005a   Code   RO         6501    !!dczerorl2         c_w.l(__dczerorl2.o)
    0x08000182   0x08000182   0x00000002   PAD
    0x08000184   0x08000184   0x0000001c   Code   RO         6505    !!handler_zi        c_w.l(__scatter_zi.o)
    0x080001a0   0x080001a0   0x00000000   Code   RO         4599    .ARM.Collect$$_printf_percent$$00000000  c_w.l(_printf_percent.o)
    0x080001a0   0x080001a0   0x00000006   Code   RO         4990    .ARM.Collect$$_printf_percent$$00000001  c_w.l(_printf_n.o)
    0x080001a6   0x080001a6   0x00000006   Code   RO         4992    .ARM.Collect$$_printf_percent$$00000002  c_w.l(_printf_p.o)
    0x080001ac   0x080001ac   0x00000006   Code   RO         4598    .ARM.Collect$$_printf_percent$$00000003  c_w.l(_printf_f.o)
    0x080001b2   0x080001b2   0x00000006   Code   RO         4997    .ARM.Collect$$_printf_percent$$00000004  c_w.l(_printf_e.o)
    0x080001b8   0x080001b8   0x00000006   Code   RO         4998    .ARM.Collect$$_printf_percent$$00000005  c_w.l(_printf_g.o)
    0x080001be   0x080001be   0x00000006   Code   RO         4999    .ARM.Collect$$_printf_percent$$00000006  c_w.l(_printf_a.o)
    0x080001c4   0x080001c4   0x0000000a   Code   RO         5004    .ARM.Collect$$_printf_percent$$00000007  c_w.l(_printf_ll.o)
    0x080001ce   0x080001ce   0x00000006   Code   RO         4994    .ARM.Collect$$_printf_percent$$00000008  c_w.l(_printf_i.o)
    0x080001d4   0x080001d4   0x00000006   Code   RO         4995    .ARM.Collect$$_printf_percent$$00000009  c_w.l(_printf_d.o)
    0x080001da   0x080001da   0x00000006   Code   RO         4996    .ARM.Collect$$_printf_percent$$0000000A  c_w.l(_printf_u.o)
    0x080001e0   0x080001e0   0x00000006   Code   RO         4993    .ARM.Collect$$_printf_percent$$0000000B  c_w.l(_printf_o.o)
    0x080001e6   0x080001e6   0x00000006   Code   RO         4991    .ARM.Collect$$_printf_percent$$0000000C  c_w.l(_printf_x.o)
    0x080001ec   0x080001ec   0x00000006   Code   RO         5001    .ARM.Collect$$_printf_percent$$0000000D  c_w.l(_printf_lli.o)
    0x080001f2   0x080001f2   0x00000006   Code   RO         5002    .ARM.Collect$$_printf_percent$$0000000E  c_w.l(_printf_lld.o)
    0x080001f8   0x080001f8   0x00000006   Code   RO         5003    .ARM.Collect$$_printf_percent$$0000000F  c_w.l(_printf_llu.o)
    0x080001fe   0x080001fe   0x00000006   Code   RO         5008    .ARM.Collect$$_printf_percent$$00000010  c_w.l(_printf_llo.o)
    0x08000204   0x08000204   0x00000006   Code   RO         5009    .ARM.Collect$$_printf_percent$$00000011  c_w.l(_printf_llx.o)
    0x0800020a   0x0800020a   0x0000000a   Code   RO         5005    .ARM.Collect$$_printf_percent$$00000012  c_w.l(_printf_l.o)
    0x08000214   0x08000214   0x00000006   Code   RO         4597    .ARM.Collect$$_printf_percent$$00000013  c_w.l(_printf_c.o)
    0x0800021a   0x0800021a   0x00000006   Code   RO         4989    .ARM.Collect$$_printf_percent$$00000014  c_w.l(_printf_s.o)
    0x08000220   0x08000220   0x00000006   Code   RO         5006    .ARM.Collect$$_printf_percent$$00000015  c_w.l(_printf_lc.o)
    0x08000226   0x08000226   0x00000006   Code   RO         5007    .ARM.Collect$$_printf_percent$$00000016  c_w.l(_printf_ls.o)
    0x0800022c   0x0800022c   0x00000004   Code   RO         5000    .ARM.Collect$$_printf_percent$$00000017  c_w.l(_printf_percent_end.o)
    0x08000230   0x08000230   0x00000002   Code   RO         6205    .ARM.Collect$$libinit$$00000000  c_w.l(libinit.o)
    0x08000232   0x08000232   0x00000000   Code   RO         5029    .ARM.Collect$$libinit$$00000002  c_w.l(libinit2.o)
    0x08000232   0x08000232   0x00000000   Code   RO         5031    .ARM.Collect$$libinit$$00000004  c_w.l(libinit2.o)
    0x08000232   0x08000232   0x00000008   Code   RO         5032    .ARM.Collect$$libinit$$00000005  c_w.l(libinit2.o)
    0x0800023a   0x0800023a   0x00000000   Code   RO         5034    .ARM.Collect$$libinit$$0000000A  c_w.l(libinit2.o)
    0x0800023a   0x0800023a   0x00000000   Code   RO         5036    .ARM.Collect$$libinit$$0000000C  c_w.l(libinit2.o)
    0x0800023a   0x0800023a   0x00000000   Code   RO         5038    .ARM.Collect$$libinit$$0000000E  c_w.l(libinit2.o)
    0x0800023a   0x0800023a   0x00000006   Code   RO         5039    .ARM.Collect$$libinit$$0000000F  c_w.l(libinit2.o)
    0x08000240   0x08000240   0x00000000   Code   RO         5041    .ARM.Collect$$libinit$$00000011  c_w.l(libinit2.o)
    0x08000240   0x08000240   0x0000000c   Code   RO         5042    .ARM.Collect$$libinit$$00000012  c_w.l(libinit2.o)
    0x0800024c   0x0800024c   0x00000000   Code   RO         5043    .ARM.Collect$$libinit$$00000013  c_w.l(libinit2.o)
    0x0800024c   0x0800024c   0x00000000   Code   RO         5045    .ARM.Collect$$libinit$$00000015  c_w.l(libinit2.o)
    0x0800024c   0x0800024c   0x0000000a   Code   RO         5046    .ARM.Collect$$libinit$$00000016  c_w.l(libinit2.o)
    0x08000256   0x08000256   0x00000000   Code   RO         5047    .ARM.Collect$$libinit$$00000017  c_w.l(libinit2.o)
    0x08000256   0x08000256   0x00000000   Code   RO         5049    .ARM.Collect$$libinit$$00000019  c_w.l(libinit2.o)
    0x08000256   0x08000256   0x00000000   Code   RO         5051    .ARM.Collect$$libinit$$0000001B  c_w.l(libinit2.o)
    0x08000256   0x08000256   0x00000000   Code   RO         5053    .ARM.Collect$$libinit$$0000001D  c_w.l(libinit2.o)
    0x08000256   0x08000256   0x00000000   Code   RO         5055    .ARM.Collect$$libinit$$0000001F  c_w.l(libinit2.o)
    0x08000256   0x08000256   0x00000000   Code   RO         5057    .ARM.Collect$$libinit$$00000021  c_w.l(libinit2.o)
    0x08000256   0x08000256   0x00000000   Code   RO         5059    .ARM.Collect$$libinit$$00000023  c_w.l(libinit2.o)
    0x08000256   0x08000256   0x00000000   Code   RO         5061    .ARM.Collect$$libinit$$00000025  c_w.l(libinit2.o)
    0x08000256   0x08000256   0x00000000   Code   RO         5065    .ARM.Collect$$libinit$$0000002C  c_w.l(libinit2.o)
    0x08000256   0x08000256   0x00000000   Code   RO         5067    .ARM.Collect$$libinit$$0000002E  c_w.l(libinit2.o)
    0x08000256   0x08000256   0x00000000   Code   RO         5069    .ARM.Collect$$libinit$$00000030  c_w.l(libinit2.o)
    0x08000256   0x08000256   0x00000004   Code   RO         5070    .ARM.Collect$$libinit$$00000031  c_w.l(libinit2.o)
    0x0800025a   0x0800025a   0x00000000   Code   RO         5071    .ARM.Collect$$libinit$$00000032  c_w.l(libinit2.o)
    0x0800025a   0x0800025a   0x00000002   Code   RO         5072    .ARM.Collect$$libinit$$00000033  c_w.l(libinit2.o)
    0x0800025c   0x0800025c   0x00000002   Code   RO         6472    .ARM.Collect$$libshutdown$$00000000  c_w.l(libshutdown.o)
    0x0800025e   0x0800025e   0x00000006   Code   RO         5527    .ARM.Collect$$libshutdown$$00000001  c_w.l(libshutdown2.o)
    0x08000264   0x08000264   0x00000000   Code   RO         5528    .ARM.Collect$$libshutdown$$00000002  c_w.l(libshutdown2.o)
    0x08000264   0x08000264   0x00000000   Code   RO         5530    .ARM.Collect$$libshutdown$$00000004  c_w.l(libshutdown2.o)
    0x08000264   0x08000264   0x00000000   Code   RO         5533    .ARM.Collect$$libshutdown$$00000007  c_w.l(libshutdown2.o)
    0x08000264   0x08000264   0x00000000   Code   RO         5536    .ARM.Collect$$libshutdown$$0000000A  c_w.l(libshutdown2.o)
    0x08000264   0x08000264   0x00000000   Code   RO         5538    .ARM.Collect$$libshutdown$$0000000C  c_w.l(libshutdown2.o)
    0x08000264   0x08000264   0x00000000   Code   RO         5541    .ARM.Collect$$libshutdown$$0000000F  c_w.l(libshutdown2.o)
    0x08000264   0x08000264   0x00000002   Code   RO         5542    .ARM.Collect$$libshutdown$$00000010  c_w.l(libshutdown2.o)
    0x08000266   0x08000266   0x00000000   Code   RO         4868    .ARM.Collect$$rtentry$$00000000  c_w.l(__rtentry.o)
    0x08000266   0x08000266   0x00000000   Code   RO         5391    .ARM.Collect$$rtentry$$00000002  c_w.l(__rtentry2.o)
    0x08000266   0x08000266   0x00000006   Code   RO         5403    .ARM.Collect$$rtentry$$00000004  c_w.l(__rtentry4.o)
    0x0800026c   0x0800026c   0x00000000   Code   RO         5393    .ARM.Collect$$rtentry$$00000009  c_w.l(__rtentry2.o)
    0x0800026c   0x0800026c   0x00000004   Code   RO         5394    .ARM.Collect$$rtentry$$0000000A  c_w.l(__rtentry2.o)
    0x08000270   0x08000270   0x00000000   Code   RO         5396    .ARM.Collect$$rtentry$$0000000C  c_w.l(__rtentry2.o)
    0x08000270   0x08000270   0x00000008   Code   RO         5397    .ARM.Collect$$rtentry$$0000000D  c_w.l(__rtentry2.o)
    0x08000278   0x08000278   0x00000002   Code   RO         6339    .ARM.Collect$$rtexit$$00000000  c_w.l(rtexit.o)
    0x0800027a   0x0800027a   0x00000000   Code   RO         6418    .ARM.Collect$$rtexit$$00000002  c_w.l(rtexit2.o)
    0x0800027a   0x0800027a   0x00000004   Code   RO         6419    .ARM.Collect$$rtexit$$00000003  c_w.l(rtexit2.o)
    0x0800027e   0x0800027e   0x00000006   Code   RO         6420    .ARM.Collect$$rtexit$$00000004  c_w.l(rtexit2.o)
    0x08000284   0x08000284   0x00000000   Code   RO         6124    .emb_text           c_w.l(maybetermalloc1.o)
    0x08000284   0x08000284   0x00000040   Code   RO            4    .text               startup_stm32f10x_md.o
    0x080002c4   0x080002c4   0x00000010   Code   RO         4563    .text               c_w.l(rt_ctype_table.o)
    0x080002d4   0x080002d4   0x00000024   Code   RO         4565    .text               c_w.l(vsprintf.o)
    0x080002f8   0x080002f8   0x00000034   Code   RO         4567    .text               c_w.l(vsnprintf.o)
    0x0800032c   0x0800032c   0x00000052   Code   RO         4575    .text               c_w.l(_printf_str.o)
    0x0800037e   0x0800037e   0x00000002   PAD
    0x08000380   0x08000380   0x00000188   Code   RO         4594    .text               c_w.l(__printf_flags_ss_wp.o)
    0x08000508   0x08000508   0x0000002e   Code   RO         4603    .text               c_w.l(aeabi_atexit.o)
    0x08000536   0x08000536   0x00000064   Code   RO         4608    .text               c_w.l(rt_memcpy_w.o)
    0x0800059a   0x0800059a   0x00000002   PAD
    0x0800059c   0x0800059c   0x00000080   Code   RO         4610    .text               c_w.l(strcmpv7m.o)
    0x0800061c   0x0800061c   0x00000006   Code   RO         4612    .text               c_w.l(heapauxi.o)
    0x08000622   0x08000622   0x00000002   PAD
    0x08000624   0x08000624   0x00000024   Code   RO         4619    .text               c_w.l(init_aeabi.o)
    0x08000648   0x08000648   0x00000008   Code   RO         4872    .text               c_w.l(rt_locale_intlibspace.o)
    0x08000650   0x08000650   0x00000008   Code   RO         4877    .text               c_w.l(rt_ddtor_pointer_addr_intlibspace.o)
    0x08000658   0x08000658   0x0000005e   Code   RO         4881    .text               c_w.l(h1_alloc.o)
    0x080006b6   0x080006b6   0x0000004e   Code   RO         4937    .text               c_w.l(_printf_pad.o)
    0x08000704   0x08000704   0x00000024   Code   RO         4939    .text               c_w.l(_printf_truncate.o)
    0x08000728   0x08000728   0x00000078   Code   RO         4941    .text               c_w.l(_printf_dec.o)
    0x080007a0   0x080007a0   0x00000028   Code   RO         4943    .text               c_w.l(_printf_charcount.o)
    0x080007c8   0x080007c8   0x0000041e   Code   RO         4945    .text               c_w.l(_printf_fp_dec.o)
    0x08000be6   0x08000be6   0x00000002   PAD
    0x08000be8   0x08000be8   0x00000030   Code   RO         4947    .text               c_w.l(_printf_char_common.o)
    0x08000c18   0x08000c18   0x0000000a   Code   RO         4949    .text               c_w.l(_sputc.o)
    0x08000c22   0x08000c22   0x00000010   Code   RO         4951    .text               c_w.l(_snputc.o)
    0x08000c32   0x08000c32   0x0000002c   Code   RO         4953    .text               c_w.l(_printf_char.o)
    0x08000c5e   0x08000c5e   0x00000002   PAD
    0x08000c60   0x08000c60   0x000000bc   Code   RO         4957    .text               c_w.l(_printf_wctomb.o)
    0x08000d1c   0x08000d1c   0x0000007c   Code   RO         4960    .text               c_w.l(_printf_longlong_dec.o)
    0x08000d98   0x08000d98   0x00000070   Code   RO         4966    .text               c_w.l(_printf_oct_int_ll.o)
    0x08000e08   0x08000e08   0x00000094   Code   RO         4986    .text               c_w.l(_printf_hex_int_ll_ptr.o)
    0x08000e9c   0x08000e9c   0x00000042   Code   RO         5021    .text               c_w.l(cxa_finalize.o)
    0x08000ede   0x08000ede   0x00000002   PAD
    0x08000ee0   0x08000ee0   0x00000008   Code   RO         5385    .text               c_w.l(libspace.o)
    0x08000ee8   0x08000ee8   0x00000008   Code   RO         5408    .text               c_w.l(rt_heap_descriptor_intlibspace.o)
    0x08000ef0   0x08000ef0   0x00000008   Code   RO         5413    .text               c_w.l(rt_new_handler_addr_intlibspace.o)
    0x08000ef8   0x08000ef8   0x00000004   Code   RO         5420    .text               c_w.l(hguard.o)
    0x08000efc   0x08000efc   0x0000008a   Code   RO         5422    .text               c_w.l(init_alloc.o)
    0x08000f86   0x08000f86   0x0000000e   Code   RO         5428    .text               c_w.l(h1_init.o)
    0x08000f94   0x08000f94   0x0000004e   Code   RO         5430    .text               c_w.l(h1_free.o)
    0x08000fe2   0x08000fe2   0x0000008a   Code   RO         5446    .text               c_w.l(lludiv10.o)
    0x0800106c   0x0800106c   0x000000b2   Code   RO         5452    .text               c_w.l(_printf_intcommon.o)
    0x0800111e   0x0800111e   0x00000002   PAD
    0x08001120   0x08001120   0x000002fc   Code   RO         5454    .text               c_w.l(_printf_fp_hex.o)
    0x0800141c   0x0800141c   0x00000080   Code   RO         5457    .text               c_w.l(_printf_fp_infnan.o)
    0x0800149c   0x0800149c   0x0000002c   Code   RO         5461    .text               c_w.l(_printf_wchar.o)
    0x080014c8   0x080014c8   0x000000e4   Code   RO         5467    .text               c_w.l(bigflt0.o)
    0x080015ac   0x080015ac   0x00000040   Code   RO         5506    .text               c_w.l(_wcrtomb.o)
    0x080015ec   0x080015ec   0x00000016   Code   RO         5511    .text               c_w.l(abort.o)
    0x08001602   0x08001602   0x00000004   Code   RO         6036    .text               cpprt_w.l(arm_newhandler_noexceptions.o)
    0x08001606   0x08001606   0x0000001a   Code   RO         6082    .text               cpprt_w.l(arm_exceptions_terminate.o)
    0x08001620   0x08001620   0x00000050   Code   RO         6085    .text               cpprt_w.l(arm_exceptions_globs.o)
    0x08001670   0x08001670   0x0000000c   Code   RO         6113    .text               c_w.l(sys_exit.o)
    0x0800167c   0x0800167c   0x0000004a   Code   RO         6115    .text               c_w.l(sys_stackheap_outer.o)
    0x080016c6   0x080016c6   0x00000002   PAD
    0x080016c8   0x080016c8   0x00000008   Code   RO         6120    .text               c_w.l(rt_eh_globals_addr_intlibspace.o)
    0x080016d0   0x080016d0   0x00000034   Code   RO         6126    .text               c_w.l(h1_extend.o)
    0x08001704   0x08001704   0x00000012   Code   RO         6171    .text               c_w.l(exit.o)
    0x08001716   0x08001716   0x0000000e   Code   RO         6173    .text               c_w.l(defsig_abrt_outer.o)
    0x08001724   0x08001724   0x0000000e   Code   RO         6181    .text               c_w.l(defsig_rtmem_outer.o)
    0x08001732   0x08001732   0x0000003c   Code   RO         6321    .text               cpprt_w.l(arm_exceptions_mem.o)
    0x0800176e   0x0800176e   0x00000002   Code   RO         6336    .text               c_w.l(use_no_semi.o)
    0x08001770   0x08001770   0x00000000   Code   RO         6338    .text               c_w.l(indicate_semi.o)
    0x08001770   0x08001770   0x0000000a   Code   RO         6380    .text               c_w.l(defsig_exit.o)
    0x0800177a   0x0800177a   0x00000002   PAD
    0x0800177c   0x0800177c   0x00000030   Code   RO         6382    .text               c_w.l(defsig_abrt_inner.o)
    0x080017ac   0x080017ac   0x00000050   Code   RO         6386    .text               c_w.l(defsig_rtmem_inner.o)
    0x080017fc   0x080017fc   0x00000032   Code   RO         6450    .text               c_w.l(defsig_general.o)
    0x0800182e   0x0800182e   0x0000000e   Code   RO         6462    .text               c_w.l(sys_wrch.o)
    0x0800183c   0x0800183c   0x0000003e   Code   RO         5470    CL$$btod_d2e        c_w.l(btod.o)
    0x0800187a   0x0800187a   0x00000046   Code   RO         5472    CL$$btod_d2e_denorm_low  c_w.l(btod.o)
    0x080018c0   0x080018c0   0x00000060   Code   RO         5471    CL$$btod_d2e_norm_op1  c_w.l(btod.o)
    0x08001920   0x08001920   0x00000338   Code   RO         5480    CL$$btod_div_common  c_w.l(btod.o)
    0x08001c58   0x08001c58   0x000000dc   Code   RO         5477    CL$$btod_e2e        c_w.l(btod.o)
    0x08001d34   0x08001d34   0x0000002a   Code   RO         5474    CL$$btod_ediv       c_w.l(btod.o)
    0x08001d5e   0x08001d5e   0x0000002a   Code   RO         5473    CL$$btod_emul       c_w.l(btod.o)
    0x08001d88   0x08001d88   0x00000244   Code   RO         5479    CL$$btod_mult_common  c_w.l(btod.o)
    0x08001fcc   0x08001fcc   0x00000018   Code   RO         3553    i.BackEventMenuItem  oled_ui.o
    0x08001fe4   0x08001fe4   0x0000000c   Code   RO         3870    i.BrightnessWindow  oled_ui_menudata.o
    0x08001ff0   0x08001ff0   0x00000002   Code   RO         4498    i.BusFault_Handler  stm32f10x_it.o
    0x08001ff2   0x08001ff2   0x0000003e   Code   RO         3554    i.CalcStringWidth   oled_ui.o
    0x08002030   0x08002030   0x00000076   Code   RO         3555    i.ChangeArea        oled_ui.o
    0x080020a6   0x080020a6   0x00000018   Code   RO         3556    i.ChangeDistance    oled_ui.o
    0x080020be   0x080020be   0x00000002   PAD
    0x080020c0   0x080020c0   0x000001ac   Code   RO         3557    i.ChangeFloatNum    oled_ui.o
    0x0800226c   0x0800226c   0x0000003e   Code   RO         3558    i.ChangePoint       oled_ui.o
    0x080022aa   0x080022aa   0x00000002   PAD
    0x080022ac   0x080022ac   0x0000008c   Code   RO         3559    i.CurrentMenuPageBackUp  oled_ui.o
    0x08002338   0x08002338   0x000000ec   Code   RO         3560    i.CurrentMenuPageInit  oled_ui.o
    0x08002424   0x08002424   0x00000002   Code   RO         4499    i.DebugMon_Handler  stm32f10x_it.o
    0x08002426   0x08002426   0x00000016   Code   RO         3847    i.Delay_ms          oled_ui_driver.o
    0x0800243c   0x0800243c   0x00000020   Code   RO         3849    i.Delay_us          oled_ui_driver.o
    0x0800245c   0x0800245c   0x000000d0   Code   RO         3561    i.DrawLinePermix    oled_ui.o
    0x0800252c   0x0800252c   0x0000000c   Code   RO         4422    i.Encoder_Disable   bsp_encoder.o
    0x08002538   0x08002538   0x0000000c   Code   RO         4423    i.Encoder_Enable    bsp_encoder.o
    0x08002544   0x08002544   0x00000038   Code   RO         4424    i.Encoder_Get       bsp_encoder.o
    0x0800257c   0x0800257c   0x000000a8   Code   RO         4425    i.Encoder_Init      bsp_encoder.o
    0x08002624   0x08002624   0x0000005c   Code   RO         3562    i.EnterEventMenuItem  oled_ui.o
    0x08002680   0x08002680   0x000000a2   Code   RO         1340    i.GPIO_Init         stm32f10x_gpio.o
    0x08002722   0x08002722   0x0000000e   Code   RO         1344    i.GPIO_ReadInputDataBit  stm32f10x_gpio.o
    0x08002730   0x08002730   0x0000000a   Code   RO         1351    i.GPIO_WriteBit     stm32f10x_gpio.o
    0x0800273a   0x0800273a   0x00000002   PAD
    0x0800273c   0x0800273c   0x00000058   Code   RO         3563    i.GetCurrentMenuPageMaxSlotNum  oled_ui.o
    0x08002794   0x08002794   0x00000014   Code   RO         3564    i.GetEnterFlag      oled_ui.o
    0x080027a8   0x080027a8   0x00000014   Code   RO         3565    i.GetFadeoutFlag    oled_ui.o
    0x080027bc   0x080027bc   0x00000018   Code   RO         3566    i.GetMenuItemNum    oled_ui.o
    0x080027d4   0x080027d4   0x0000002e   Code   RO         3567    i.GetOLED_Font      oled_ui.o
    0x08002802   0x08002802   0x0000002e   Code   RO         3568    i.GetWindowProbDataStyle  oled_ui.o
    0x08002830   0x08002830   0x00000002   Code   RO         4500    i.HardFault_Handler  stm32f10x_it.o
    0x08002832   0x08002832   0x00000002   PAD
    0x08002834   0x08002834   0x0000002c   Code   RO         4401    i.Key_Init          bsp_key.o
    0x08002860   0x08002860   0x00000002   Code   RO         4501    i.MemManage_Handler  stm32f10x_it.o
    0x08002862   0x08002862   0x00000002   PAD
    0x08002864   0x08002864   0x0000002c   Code   RO         3569    i.MenuItemsMoveDown  oled_ui.o
    0x08002890   0x08002890   0x0000002c   Code   RO         3570    i.MenuItemsMoveLeft  oled_ui.o
    0x080028bc   0x080028bc   0x0000002c   Code   RO         3571    i.MenuItemsMoveRight  oled_ui.o
    0x080028e8   0x080028e8   0x0000002c   Code   RO         3572    i.MenuItemsMoveUp   oled_ui.o
    0x08002914   0x08002914   0x000000a0   Code   RO         3573    i.MoveMenuElements  oled_ui.o
    0x080029b4   0x080029b4   0x00000002   Code   RO         4502    i.NMI_Handler       stm32f10x_it.o
    0x080029b6   0x080029b6   0x00000002   PAD
    0x080029b8   0x080029b8   0x00000064   Code   RO          132    i.NVIC_Init         misc.o
    0x08002a1c   0x08002a1c   0x00000014   Code   RO          133    i.NVIC_PriorityGroupConfig  misc.o
    0x08002a30   0x08002a30   0x00000022   Code   RO         3427    i.OLED_Brightness   oled_driver.o
    0x08002a52   0x08002a52   0x00000002   PAD
    0x08002a54   0x08002a54   0x00000028   Code   RO         3173    i.OLED_Clear        oled.o
    0x08002a7c   0x08002a7c   0x00000080   Code   RO         3174    i.OLED_ClearArea    oled.o
    0x08002afc   0x08002afc   0x00000258   Code   RO         3175    i.OLED_DrawArc      oled.o
    0x08002d54   0x08002d54   0x000000ea   Code   RO         3178    i.OLED_DrawLine     oled.o
    0x08002e3e   0x08002e3e   0x00000002   PAD
    0x08002e40   0x08002e40   0x00000038   Code   RO         3179    i.OLED_DrawPoint    oled.o
    0x08002e78   0x08002e78   0x00000114   Code   RO         3180    i.OLED_DrawRectangle  oled.o
    0x08002f8c   0x08002f8c   0x00000124   Code   RO         3181    i.OLED_DrawRoundedRectangle  oled.o
    0x080030b0   0x080030b0   0x00000910   Code   RO         3574    i.OLED_DrawWindow   oled_ui.o
    0x080039c0   0x080039c0   0x0000005c   Code   RO         3428    i.OLED_GPIO_Init    oled_driver.o
    0x08003a1c   0x08003a1c   0x0000003a   Code   RO         3429    i.OLED_I2C_SendByte  oled_driver.o
    0x08003a56   0x08003a56   0x0000001e   Code   RO         3430    i.OLED_I2C_Start    oled_driver.o
    0x08003a74   0x08003a74   0x00000018   Code   RO         3431    i.OLED_I2C_Stop     oled_driver.o
    0x08003a8c   0x08003a8c   0x0000009c   Code   RO         3432    i.OLED_Init         oled_driver.o
    0x08003b28   0x08003b28   0x00000060   Code   RO         3184    i.OLED_IsInAngle    oled.o
    0x08003b88   0x08003b88   0x00000164   Code   RO         3575    i.OLED_KeyAndEncoderRecord  oled_ui.o
    0x08003cec   0x08003cec   0x0000003e   Code   RO         3189    i.OLED_PrintfMixArea  oled.o
    0x08003d2a   0x08003d2a   0x00000002   PAD
    0x08003d2c   0x08003d2c   0x00000080   Code   RO         3191    i.OLED_ReverseArea  oled.o
    0x08003dac   0x08003dac   0x00000022   Code   RO         3434    i.OLED_SetCursor    oled_driver.o
    0x08003dce   0x08003dce   0x00000002   PAD
    0x08003dd0   0x08003dd0   0x00000090   Code   RO         3194    i.OLED_ShowCharArea  oled.o
    0x08003e60   0x08003e60   0x000001e8   Code   RO         3196    i.OLED_ShowChineseArea  oled.o
    0x08004048   0x08004048   0x00000130   Code   RO         3200    i.OLED_ShowImageArea  oled.o
    0x08004178   0x08004178   0x00000076   Code   RO         3202    i.OLED_ShowMixStringArea  oled.o
    0x080041ee   0x080041ee   0x00000004   Code   RO         3576    i.OLED_UI_Back      oled_ui.o
    0x080041f2   0x080041f2   0x00000002   PAD
    0x080041f4   0x080041f4   0x00000068   Code   RO         3577    i.OLED_UI_CreateWindow  oled_ui.o
    0x0800425c   0x0800425c   0x000000d8   Code   RO         3578    i.OLED_UI_FadeOut_Masking  oled_ui.o
    0x08004334   0x08004334   0x00000040   Code   RO         3579    i.OLED_UI_FadeoutAllArea  oled_ui.o
    0x08004374   0x08004374   0x0000004c   Code   RO         3580    i.OLED_UI_FadeoutCurrentArea  oled_ui.o
    0x080043c0   0x080043c0   0x00000024   Code   RO         3581    i.OLED_UI_Init      oled_ui.o
    0x080043e4   0x080043e4   0x00000184   Code   RO         3582    i.OLED_UI_InterruptHandler  oled_ui.o
    0x08004568   0x08004568   0x0000001a   Code   RO         3583    i.OLED_UI_MainLoop  oled_ui.o
    0x08004582   0x08004582   0x00000002   PAD
    0x08004584   0x08004584   0x00000028   Code   RO         3435    i.OLED_Update       oled_driver.o
    0x080045ac   0x080045ac   0x00000010   Code   RO         3437    i.OLED_W_SCL        oled_driver.o
    0x080045bc   0x080045bc   0x00000010   Code   RO         3438    i.OLED_W_SDA        oled_driver.o
    0x080045cc   0x080045cc   0x0000023c   Code   RO         3584    i.OLED_WindowDataDispose  oled_ui.o
    0x08004808   0x08004808   0x00000022   Code   RO         3439    i.OLED_WriteCommand  oled_driver.o
    0x0800482a   0x0800482a   0x00000002   PAD
    0x0800482c   0x0800482c   0x00000044   Code   RO         3440    i.OLED_WriteData    oled_driver.o
    0x08004870   0x08004870   0x0000000c   Code   RO         3872    i.OnDivideSelected  oled_ui_menudata.o
    0x0800487c   0x0800487c   0x0000000c   Code   RO         3873    i.OnMultiplySelected  oled_ui_menudata.o
    0x08004888   0x08004888   0x0000000c   Code   RO         3874    i.OnPlusSelected    oled_ui_menudata.o
    0x08004894   0x08004894   0x0000000c   Code   RO         3875    i.OnSubtractSelected  oled_ui_menudata.o
    0x080048a0   0x080048a0   0x00000002   Code   RO         4503    i.PendSV_Handler    stm32f10x_it.o
    0x080048a2   0x080048a2   0x00000002   PAD
    0x080048a4   0x080048a4   0x0000065c   Code   RO         3585    i.PrintMenuElements  oled_ui.o
    0x08004f00   0x08004f00   0x00000018   Code   RO         1768    i.RCC_APB1PeriphClockCmd  stm32f10x_rcc.o
    0x08004f18   0x08004f18   0x00000018   Code   RO         1770    i.RCC_APB2PeriphClockCmd  stm32f10x_rcc.o
    0x08004f30   0x08004f30   0x00000118   Code   RO         3588    i.ReverseCoordinate  oled_ui.o
    0x08005048   0x08005048   0x00000034   Code   RO         3589    i.RunCurrentCallBackFunction  oled_ui.o
    0x0800507c   0x0800507c   0x000001a8   Code   RO         3590    i.RunFadeOut        oled_ui.o
    0x08005224   0x08005224   0x00000002   Code   RO         4504    i.SVC_Handler       stm32f10x_it.o
    0x08005226   0x08005226   0x00000002   PAD
    0x08005228   0x08005228   0x0000001c   Code   RO         3591    i.SetCursorZero     oled_ui.o
    0x08005244   0x08005244   0x00000010   Code   RO         3592    i.SetEnterFlag      oled_ui.o
    0x08005254   0x08005254   0x0000000c   Code   RO         3593    i.SetFadeOutFlag    oled_ui.o
    0x08005260   0x08005260   0x00000030   Code   RO         3594    i.SetLineSplitZero  oled_ui.o
    0x08005290   0x08005290   0x000000a8   Code   RO           24    i.SetSysClockTo72   system_stm32f10x.o
    0x08005338   0x08005338   0x000001ec   Code   RO         3595    i.SetTargetCursor   oled_ui.o
    0x08005524   0x08005524   0x00000020   Code   RO         3596    i.SetTargetMenuFrame  oled_ui.o
    0x08005544   0x08005544   0x0000015c   Code   RO         3597    i.SetTargetProbWidth  oled_ui.o
    0x080056a0   0x080056a0   0x00000060   Code   RO         3598    i.SetTargetScrollBarHeight  oled_ui.o
    0x08005700   0x08005700   0x0000000c   Code   RO         3876    i.ShowFirstFloatNumberWindow  oled_ui_menudata.o
    0x0800570c   0x0800570c   0x0000000c   Code   RO         3877    i.ShowFirstIntNumberWindow  oled_ui_menudata.o
    0x08005718   0x08005718   0x0000000c   Code   RO         3878    i.ShowSecondFloatNumberWindow  oled_ui_menudata.o
    0x08005724   0x08005724   0x0000000c   Code   RO         3879    i.ShowSecondIntNumberWindow  oled_ui_menudata.o
    0x08005730   0x08005730   0x00000002   Code   RO         4505    i.SysTick_Handler   stm32f10x_it.o
    0x08005732   0x08005732   0x00000002   PAD
    0x08005734   0x08005734   0x00000050   Code   RO           26    i.SystemInit        system_stm32f10x.o
    0x08005784   0x08005784   0x0000006c   Code   RO         2397    i.TI1_Config        stm32f10x_tim.o
    0x080057f0   0x080057f0   0x0000007c   Code   RO         2398    i.TI2_Config        stm32f10x_tim.o
    0x0800586c   0x0800586c   0x00000028   Code   RO         4456    i.TIM4_IRQHandler   main.o
    0x08005894   0x08005894   0x00000006   Code   RO         2405    i.TIM_ClearFlag     stm32f10x_tim.o
    0x0800589a   0x0800589a   0x00000006   Code   RO         2406    i.TIM_ClearITPendingBit  stm32f10x_tim.o
    0x080058a0   0x080058a0   0x00000014   Code   RO         2411    i.TIM_Cmd           stm32f10x_tim.o
    0x080058b4   0x080058b4   0x00000032   Code   RO         2420    i.TIM_EncoderInterfaceConfig  stm32f10x_tim.o
    0x080058e6   0x080058e6   0x00000004   Code   RO         2430    i.TIM_GetCounter    stm32f10x_tim.o
    0x080058ea   0x080058ea   0x00000018   Code   RO         2432    i.TIM_GetITStatus   stm32f10x_tim.o
    0x08005902   0x08005902   0x00000002   PAD
    0x08005904   0x08005904   0x0000012c   Code   RO         2434    i.TIM_ICInit        stm32f10x_tim.o
    0x08005a30   0x08005a30   0x00000010   Code   RO         2435    i.TIM_ICStructInit  stm32f10x_tim.o
    0x08005a40   0x08005a40   0x00000010   Code   RO         2436    i.TIM_ITConfig      stm32f10x_tim.o
    0x08005a50   0x08005a50   0x0000000a   Code   RO         2438    i.TIM_InternalClockConfig  stm32f10x_tim.o
    0x08005a5a   0x08005a5a   0x00000004   Code   RO         2476    i.TIM_SetCounter    stm32f10x_tim.o
    0x08005a5e   0x08005a5e   0x00000010   Code   RO         2477    i.TIM_SetIC1Prescaler  stm32f10x_tim.o
    0x08005a6e   0x08005a6e   0x00000018   Code   RO         2478    i.TIM_SetIC2Prescaler  stm32f10x_tim.o
    0x08005a86   0x08005a86   0x00000010   Code   RO         2479    i.TIM_SetIC3Prescaler  stm32f10x_tim.o
    0x08005a96   0x08005a96   0x00000018   Code   RO         2480    i.TIM_SetIC4Prescaler  stm32f10x_tim.o
    0x08005aae   0x08005aae   0x00000002   PAD
    0x08005ab0   0x08005ab0   0x0000009c   Code   RO         2482    i.TIM_TimeBaseInit  stm32f10x_tim.o
    0x08005b4c   0x08005b4c   0x0000007c   Code   RO         4402    i.Timer_Init        bsp_key.o
    0x08005bc8   0x08005bc8   0x00000002   Code   RO         4506    i.UsageFault_Handler  stm32f10x_it.o
    0x08005bca   0x08005bca   0x00000004   Code   RO         4623    i._ZN4__rw15__rw_deallocateEPvji  cpp_ws.l(rwalloc.o)
    0x08005bce   0x08005bce   0x00000008   Code   RO         6029    i._ZdaPv            cpprt_w.l(array_del.o)
    0x08005bd6   0x08005bd6   0x00000008   Code   RO         5199    i._ZdlPv            cpprt_w.l(delete.o)
    0x08005bde   0x08005bde   0x00000008   Code   RO         6032    i._Znaj             cpprt_w.l(array_new.o)
    0x08005be6   0x08005be6   0x00000002   PAD
    0x08005be8   0x08005be8   0x00000028   Code   RO         5202    i._Znwj             cpprt_w.l(new.o)
    0x08005c10   0x08005c10   0x00000028   Code   RO         6102    i.__ARM_fpclassify  m_ws.l(fpclassify.o)
    0x08005c38   0x08005c38   0x000000aa   Code   RO         6104    i.__kernel_poly     m_ws.l(poly.o)
    0x08005ce2   0x08005ce2   0x00000006   Code   RO         5369    i.__mathlib_dbl_infnan  m_ws.l(dunder.o)
    0x08005ce8   0x08005ce8   0x00000004   Code   RO         5370    i.__mathlib_dbl_infnan2  m_ws.l(dunder.o)
    0x08005cec   0x08005cec   0x00000010   Code   RO         5374    i.__mathlib_dbl_underflow  m_ws.l(dunder.o)
    0x08005cfc   0x08005cfc   0x00000010   Code   RO         5822    i.__sti___10_locale_cpp_ff99fc7b  cpp_ws.l(locale.o)
    0x08005d0c   0x08005d0c   0x00000038   Code   RO         6213    i.__sti___10_rwcats_cpp_64e8068e  cpp_ws.l(rwcats.o)
    0x08005d44   0x08005d44   0x00000020   Code   RO         3974    i.__sti___17_CAL_CALCULATE_cpp_976d55d1  cal_calculate.o
    0x08005d64   0x08005d64   0x00000010   Code   RO         5555    i.__sti___8_char_cpp_a3dc957a  cpp_ws.l(char.o)
    0x08005d74   0x08005d74   0x0000000e   Code   RO         4587    i._is_digit         c_w.l(__printf_wp.o)
    0x08005d82   0x08005d82   0x00000002   PAD
    0x08005d84   0x08005d84   0x00000220   Code   RO         5359    i.atan              m_ws.l(atan.o)
    0x08005fa4   0x08005fa4   0x00000180   Code   RO         4849    i.atan2             m_ws.l(atan2.o)
    0x08006124   0x08006124   0x000000dc   Code   RO         4857    i.ceil              m_ws.l(ceil.o)
    0x08006200   0x08006200   0x00000042   Code   RO         4866    i.fmin              m_ws.l(fmin.o)
    0x08006242   0x08006242   0x00000002   PAD
    0x08006244   0x08006244   0x00000014   Code   RO         4457    i.main              main.o
    0x08006258   0x08006258   0x0000002c   Code   RO         5019    locale$$code        c_w.l(lc_ctype_c.o)
    0x08006284   0x08006284   0x0000002c   Code   RO         5509    locale$$code        c_w.l(lc_numeric_c.o)
    0x080062b0   0x080062b0   0x0000000e   Code   RO         6229    t._ZN4__rw18__rw_locale_vectorIPNS_8__rw_catEED1Ev  cpp_ws.l(rwcats.o)
    0x080062be   0x080062be   0x00000020   Code   RO         4008    t._ZNSt6vectorIcSaIcEED1Ev  cal_calculate.o
    0x080062de   0x080062de   0x00000002   PAD
    0x080062e0   0x080062e0   0x00000062   Code   RO         4776    x$fpl$d2f           fz_ws.l(d2f.o)
    0x08006342   0x08006342   0x00000002   PAD
    0x08006344   0x08006344   0x00000150   Code   RO         4778    x$fpl$dadd          fz_ws.l(daddsub_clz.o)
    0x08006494   0x08006494   0x00000010   Code   RO         5333    x$fpl$dcheck1       fz_ws.l(dcheck1.o)
    0x080064a4   0x080064a4   0x00000136   Code   RO         5335    x$fpl$dcmp4         fz_ws.l(dcmp4.o)
    0x080065da   0x080065da   0x00000018   Code   RO         5337    x$fpl$dcmpinf       fz_ws.l(dcmpi.o)
    0x080065f2   0x080065f2   0x00000002   PAD
    0x080065f4   0x080065f4   0x000002b0   Code   RO         4785    x$fpl$ddiv          fz_ws.l(ddiv.o)
    0x080068a4   0x080068a4   0x0000005e   Code   RO         4788    x$fpl$dfix          fz_ws.l(dfix.o)
    0x08006902   0x08006902   0x0000002e   Code   RO         4797    x$fpl$dflt          fz_ws.l(dflt_clz.o)
    0x08006930   0x08006930   0x00000078   Code   RO         4802    x$fpl$dleqf         fz_ws.l(dleqf.o)
    0x080069a8   0x080069a8   0x00000154   Code   RO         4804    x$fpl$dmul          fz_ws.l(dmul.o)
    0x08006afc   0x08006afc   0x0000009c   Code   RO         5339    x$fpl$dnaninf       fz_ws.l(dnaninf.o)
    0x08006b98   0x08006b98   0x0000000c   Code   RO         5341    x$fpl$dretinf       fz_ws.l(dretinf.o)
    0x08006ba4   0x08006ba4   0x0000006c   Code   RO         4806    x$fpl$drleqf        fz_ws.l(drleqf.o)
    0x08006c10   0x08006c10   0x00000016   Code   RO         4779    x$fpl$drsb          fz_ws.l(daddsub_clz.o)
    0x08006c26   0x08006c26   0x00000002   PAD
    0x08006c28   0x08006c28   0x000001d4   Code   RO         4780    x$fpl$dsub          fz_ws.l(daddsub_clz.o)
    0x08006dfc   0x08006dfc   0x00000056   Code   RO         4808    x$fpl$f2d           fz_ws.l(f2d.o)
    0x08006e52   0x08006e52   0x00000002   PAD
    0x08006e54   0x08006e54   0x000000c4   Code   RO         4810    x$fpl$fadd          fz_ws.l(faddsub_clz.o)
    0x08006f18   0x08006f18   0x00000018   Code   RO         5345    x$fpl$fcmpinf       fz_ws.l(fcmpi.o)
    0x08006f30   0x08006f30   0x00000184   Code   RO         4817    x$fpl$fdiv          fz_ws.l(fdiv.o)
    0x080070b4   0x080070b4   0x00000068   Code   RO         4820    x$fpl$feqf          fz_ws.l(feqf.o)
    0x0800711c   0x0800711c   0x00000036   Code   RO         4822    x$fpl$ffix          fz_ws.l(ffix.o)
    0x08007152   0x08007152   0x00000002   PAD
    0x08007154   0x08007154   0x00000030   Code   RO         4831    x$fpl$fflt          fz_ws.l(fflt_clz.o)
    0x08007184   0x08007184   0x00000060   Code   RO         4836    x$fpl$ffltll        fz_ws.l(ffltll_clz.o)
    0x080071e4   0x080071e4   0x00000068   Code   RO         4838    x$fpl$fleqf         fz_ws.l(fleqf.o)
    0x0800724c   0x0800724c   0x00000102   Code   RO         4840    x$fpl$fmul          fz_ws.l(fmul.o)
    0x0800734e   0x0800734e   0x0000008c   Code   RO         5347    x$fpl$fnaninf       fz_ws.l(fnaninf.o)
    0x080073da   0x080073da   0x0000000a   Code   RO         5349    x$fpl$fretinf       fz_ws.l(fretinf.o)
    0x080073e4   0x080073e4   0x00000062   Code   RO         4842    x$fpl$frleqf        fz_ws.l(frleqf.o)
    0x08007446   0x08007446   0x00000014   Code   RO         4811    x$fpl$frsb          fz_ws.l(faddsub_clz.o)
    0x0800745a   0x0800745a   0x00000002   PAD
    0x0800745c   0x0800745c   0x000000ea   Code   RO         4812    x$fpl$fsub          fz_ws.l(faddsub_clz.o)
    0x08007546   0x08007546   0x00000002   PAD
    0x08007548   0x08007548   0x00000086   Code   RO         4826    x$fpl$llsfromf      fz_ws.l(ffixll.o)
    0x080075ce   0x080075ce   0x00000004   Code   RO         4844    x$fpl$printf1       fz_ws.l(printf1.o)
    0x080075d2   0x080075d2   0x00000004   Code   RO         5351    x$fpl$printf2       fz_ws.l(printf2.o)
    0x080075d6   0x080075d6   0x00000064   Code   RO         6098    x$fpl$retnan        fz_ws.l(retnan.o)
    0x0800763a   0x0800763a   0x0000005c   Code   RO         4846    x$fpl$scalbn        fz_ws.l(scalbn.o)
    0x08007696   0x08007696   0x00000030   Code   RO         6334    x$fpl$trapveneer    fz_ws.l(trapv.o)
    0x080076c6   0x080076c6   0x00000000   Code   RO         5357    x$fpl$usenofp       fz_ws.l(usenofp.o)
    0x080076c6   0x080076c6   0x00000b22   Data   RO         3525    .constdata          oled_fonts.o
    0x080081e8   0x080081e8   0x000005f0   Data   RO         3526    .constdata          oled_fonts.o
    0x080087d8   0x080087d8   0x00000532   Data   RO         3527    .constdata          oled_fonts.o
    0x08008d0a   0x08008d0a   0x0000023a   Data   RO         3528    .constdata          oled_fonts.o
    0x08008f44   0x08008f44   0x00000ccc   Data   RO         3529    .constdata          oled_fonts.o
    0x08009c10   0x08009c10   0x00000b59   Data   RO         3530    .constdata          oled_fonts.o
    0x0800a769   0x0800a769   0x00000747   Data   RO         3531    .constdata          oled_fonts.o
    0x0800aeb0   0x0800aeb0   0x00000205   Data   RO         3532    .constdata          oled_fonts.o
    0x0800b0b5   0x0800b0b5   0x00000006   Data   RO         3533    .constdata          oled_fonts.o
    0x0800b0bb   0x0800b0bb   0x00000290   Data   RO         3534    .constdata          oled_fonts.o
    0x0800b34b   0x0800b34b   0x00000080   Data   RO         3535    .constdata          oled_fonts.o
    0x0800b3cb   0x0800b3cb   0x00000080   Data   RO         3536    .constdata          oled_fonts.o
    0x0800b44b   0x0800b44b   0x00000001   PAD
    0x0800b44c   0x0800b44c   0x00000014   Data   RO         3600    .constdata          oled_ui.o
    0x0800b460   0x0800b460   0x00000011   Data   RO         4595    .constdata          c_w.l(__printf_flags_ss_wp.o)
    0x0800b471   0x0800b471   0x00000003   PAD
    0x0800b474   0x0800b474   0x00000008   Data   RO         4958    .constdata          c_w.l(_printf_wctomb.o)
    0x0800b47c   0x0800b47c   0x00000028   Data   RO         4987    .constdata          c_w.l(_printf_hex_int_ll_ptr.o)
    0x0800b4a4   0x0800b4a4   0x00000004   PAD
    0x0800b4a8   0x0800b4a8   0x00000098   Data   RO         5360    .constdata          m_ws.l(atan.o)
    0x0800b540   0x0800b540   0x00000008   Data   RO         5382    .constdata          m_ws.l(qnan.o)
    0x0800b548   0x0800b548   0x00000026   Data   RO         5455    .constdata          c_w.l(_printf_fp_hex.o)
    0x0800b56e   0x0800b56e   0x00000002   PAD
    0x0800b570   0x0800b570   0x00000094   Data   RO         5468    .constdata          c_w.l(bigflt0.o)
    0x0800b604   0x0800b604   0x00000031   Data   RO         3880    .conststring        oled_ui_menudata.o
    0x0800b635   0x0800b635   0x00000003   PAD
    0x0800b638   0x0800b638   0x00000017   Data   RO         3881    .conststring        oled_ui_menudata.o
    0x0800b64f   0x0800b64f   0x00000001   PAD
    0x0800b650   0x0800b650   0x0000001f   Data   RO         3882    .conststring        oled_ui_menudata.o
    0x0800b66f   0x0800b66f   0x00000001   PAD
    0x0800b670   0x0800b670   0x00000039   Data   RO         3883    .conststring        oled_ui_menudata.o
    0x0800b6a9   0x0800b6a9   0x00000003   PAD
    0x0800b6ac   0x0800b6ac   0x0000001d   Data   RO         3884    .conststring        oled_ui_menudata.o
    0x0800b6c9   0x0800b6c9   0x00000003   PAD
    0x0800b6cc   0x0800b6cc   0x0000003b   Data   RO         3885    .conststring        oled_ui_menudata.o
    0x0800b707   0x0800b707   0x00000001   PAD
    0x0800b708   0x0800b708   0x00000025   Data   RO         3886    .conststring        oled_ui_menudata.o
    0x0800b72d   0x0800b72d   0x00000003   PAD
    0x0800b730   0x0800b730   0x00000034   Data   RO         3887    .conststring        oled_ui_menudata.o
    0x0800b764   0x0800b764   0x00000020   Data   RO         6500    Region$$Table       anon$$obj.o
    0x0800b784   0x0800b784   0x00000110   Data   RO         5018    locale$$data        c_w.l(lc_ctype_c.o)
    0x0800b894   0x0800b894   0x0000001c   Data   RO         5508    locale$$data        c_w.l(lc_numeric_c.o)
    0x0800b8b0   0x0800b8b0   0x00000004   Data   RO         3981    .init_array         cal_calculate.o
    0x0800b8b4   0x0800b8b0   0x00000000   Data   RO         4617    .init_array         c_w.l(init_aeabi.o)
    0x0800b8b4   0x0800b8b0   0x00000004   Data   RO         5577    .init_array         cpp_ws.l(char.o)
    0x0800b8b8   0x0800b8b0   0x00000004   Data   RO         5870    .init_array         cpp_ws.l(locale.o)
    0x0800b8bc   0x0800b8b0   0x00000004   Data   RO         6223    .init_array         cpp_ws.l(rwcats.o)


    Execution Region RW_IRAM1 (Exec base: 0x20000000, Load base: 0x0800b8c0, Size: 0x00001308, Max: 0x00005000, ABSOLUTE, COMPRESSED[0x0000016c])

    Exec Addr    Load Addr    Size         Type   Attr      Idx    E Section Name        Object

    0x20000000   COMPRESSED   0x00000001   Data   RW         3442    .data               oled_driver.o
    0x20000001   COMPRESSED   0x00000003   PAD
    0x20000004   COMPRESSED   0x00000024   Data   RW         3602    .data               oled_ui.o
    0x20000028   COMPRESSED   0x00000004   Data   RW         3888    .data               oled_ui_menudata.o
    0x2000002c   COMPRESSED   0x00000004   Data   RW         3889    .data               oled_ui_menudata.o
    0x20000030   COMPRESSED   0x00000004   Data   RW         3890    .data               oled_ui_menudata.o
    0x20000034   COMPRESSED   0x00000004   Data   RW         3891    .data               oled_ui_menudata.o
    0x20000038   COMPRESSED   0x00000198   Data   RW         3892    .data               oled_ui_menudata.o
    0x200001d0   COMPRESSED   0x00000060   Data   RW         3893    .data               oled_ui_menudata.o
    0x20000230   COMPRESSED   0x00000078   Data   RW         3894    .data               oled_ui_menudata.o
    0x200002a8   COMPRESSED   0x00000090   Data   RW         3895    .data               oled_ui_menudata.o
    0x20000338   COMPRESSED   0x00000048   Data   RW         3896    .data               oled_ui_menudata.o
    0x20000380   COMPRESSED   0x00000060   Data   RW         3897    .data               oled_ui_menudata.o
    0x200003e0   COMPRESSED   0x00000078   Data   RW         3898    .data               oled_ui_menudata.o
    0x20000458   COMPRESSED   0x00000060   Data   RW         3899    .data               oled_ui_menudata.o
    0x200004b8   COMPRESSED   0x0000004c   Data   RW         3900    .data               oled_ui_menudata.o
    0x20000504   COMPRESSED   0x0000004c   Data   RW         3901    .data               oled_ui_menudata.o
    0x20000550   COMPRESSED   0x0000004c   Data   RW         3902    .data               oled_ui_menudata.o
    0x2000059c   COMPRESSED   0x0000004c   Data   RW         3903    .data               oled_ui_menudata.o
    0x200005e8   COMPRESSED   0x0000004c   Data   RW         3904    .data               oled_ui_menudata.o
    0x20000634   COMPRESSED   0x0000004c   Data   RW         3905    .data               oled_ui_menudata.o
    0x20000680   COMPRESSED   0x0000004c   Data   RW         3906    .data               oled_ui_menudata.o
    0x200006cc   COMPRESSED   0x00000002   Data   RW         3907    .data               oled_ui_menudata.o
    0x200006ce   COMPRESSED   0x00000002   PAD
    0x200006d0   COMPRESSED   0x00000004   Data   RW         4426    .data               bsp_encoder.o
    0x200006d4   COMPRESSED   0x00000001   Data   RW         4458    .data               main.o
    0x200006d5   COMPRESSED   0x00000003   PAD
    0x200006d8   COMPRESSED   0x00000008   Data   RW         5576    .data               cpp_ws.l(char.o)
    0x200006e0   COMPRESSED   0x0000001c   Data   RW         5869    .data               cpp_ws.l(locale.o)
    0x200006fc   COMPRESSED   0x00000008   Data   RW         6222    .data               cpp_ws.l(rwcats.o)
    0x20000704        -       0x00000400   Zero   RW         3441    .bss                oled_driver.o
    0x20000b04        -       0x00000198   Zero   RW         3599    .bss                oled_ui.o
    0x20000c9c        -       0x0000000c   Zero   RW         3980    .bss                cal_calculate.o
    0x20000ca8        -       0x00000060   Zero   RW         5386    .bss                c_w.l(libspace.o)
    0x20000d08        -       0x00000200   Zero   RW            2    HEAP                startup_stm32f10x_md.o
    0x20000f08        -       0x00000400   Zero   RW            1    STACK               startup_stm32f10x_md.o


==============================================================================

Image component sizes


      Code (inc. data)   RO Data    RW Data    ZI Data      Debug   Object Name

       248         28          0          4          0       2220   bsp_encoder.o
       168         10          0          0          0       1116   bsp_key.o
        64         14          4          0         12       9337   cal_calculate.o
         0          0          0          0          0       4508   core_cm3.o
        60         12          0          1          0       6810   main.o
       120         16          0          0          0     205023   misc.o
      2966         80          0          0          0      17508   oled.o
       602         24          0          1       1024       7783   oled_driver.o
         0          0      15749          0          0       2239   oled_fonts.o
      9592        414         20         36        408      37450   oled_ui.o
        54          0          0          0          0       1468   oled_ui_driver.o
       108         46        337       1702          0       6643   oled_ui_menudata.o
        64         26        236          0       1536        824   startup_stm32f10x_md.o
         0          0          0          0          0       1716   stm32f10x_adc.o
       186          0          0          0          0      11576   stm32f10x_gpio.o
        18          0          0          0          0       4262   stm32f10x_it.o
        48         12          0          0          0       1226   stm32f10x_rcc.o
       924        104          0          0          0      33498   stm32f10x_tim.o
       248         24          0          0          0      30453   system_stm32f10x.o

    ----------------------------------------------------------------------
     15508        810      16394       1752       2980     385660   Object Totals
         0          0         32          0          0          0   (incl. Generated)
        38          0         16          8          0          0   (incl. Padding)

    ----------------------------------------------------------------------

      Code (inc. data)   RO Data    RW Data    ZI Data      Debug   Library Member Name

        90          0          0          0          0          0   __dczerorl2.o
         8          0          0          0          0         68   __main.o
       392          4         17          0          0         92   __printf_flags_ss_wp.o
        14          0          0          0          0         68   __printf_wp.o
         0          0          0          0          0          0   __rtentry.o
        12          0          0          0          0          0   __rtentry2.o
         6          0          0          0          0          0   __rtentry4.o
        52          8          0          0          0          0   __scatter.o
        28          0          0          0          0          0   __scatter_zi.o
         6          0          0          0          0          0   _printf_a.o
         6          0          0          0          0          0   _printf_c.o
        44          0          0          0          0        108   _printf_char.o
        48          6          0          0          0         96   _printf_char_common.o
        40          0          0          0          0         68   _printf_charcount.o
         6          0          0          0          0          0   _printf_d.o
       120         16          0          0          0         92   _printf_dec.o
         6          0          0          0          0          0   _printf_e.o
         6          0          0          0          0          0   _printf_f.o
      1054          0          0          0          0        216   _printf_fp_dec.o
       764          8         38          0          0        100   _printf_fp_hex.o
       128         16          0          0          0         84   _printf_fp_infnan.o
         6          0          0          0          0          0   _printf_g.o
       148          4         40          0          0        160   _printf_hex_int_ll_ptr.o
         6          0          0          0          0          0   _printf_i.o
       178          0          0          0          0         88   _printf_intcommon.o
        10          0          0          0          0          0   _printf_l.o
         6          0          0          0          0          0   _printf_lc.o
        10          0          0          0          0          0   _printf_ll.o
         6          0          0          0          0          0   _printf_lld.o
         6          0          0          0          0          0   _printf_lli.o
         6          0          0          0          0          0   _printf_llo.o
         6          0          0          0          0          0   _printf_llu.o
         6          0          0          0          0          0   _printf_llx.o
       124         16          0          0          0         92   _printf_longlong_dec.o
         6          0          0          0          0          0   _printf_ls.o
         6          0          0          0          0          0   _printf_n.o
         6          0          0          0          0          0   _printf_o.o
       112         10          0          0          0        124   _printf_oct_int_ll.o
         6          0          0          0          0          0   _printf_p.o
        78          0          0          0          0        108   _printf_pad.o
         0          0          0          0          0          0   _printf_percent.o
         4          0          0          0          0          0   _printf_percent_end.o
         6          0          0          0          0          0   _printf_s.o
        82          0          0          0          0         80   _printf_str.o
        36          0          0          0          0         84   _printf_truncate.o
         6          0          0          0          0          0   _printf_u.o
        44          0          0          0          0        108   _printf_wchar.o
       188          6          8          0          0         92   _printf_wctomb.o
         6          0          0          0          0          0   _printf_x.o
        16          0          0          0          0         68   _snputc.o
        10          0          0          0          0         68   _sputc.o
        64          0          0          0          0         92   _wcrtomb.o
        22          0          0          0          0         80   abort.o
        46          0          0          0          0         84   aeabi_atexit.o
       228          4        148          0          0         96   bigflt0.o
      1936        128          0          0          0        672   btod.o
        66          0          0          0          0         84   cxa_finalize.o
        48         34          0          0          0         76   defsig_abrt_inner.o
        14          0          0          0          0         80   defsig_abrt_outer.o
        10          0          0          0          0         68   defsig_exit.o
        50          0          0          0          0         88   defsig_general.o
        80         58          0          0          0         76   defsig_rtmem_inner.o
        14          0          0          0          0         80   defsig_rtmem_outer.o
        18          0          0          0          0         80   exit.o
        94          0          0          0          0         80   h1_alloc.o
        52          0          0          0          0         68   h1_extend.o
        78          0          0          0          0         80   h1_free.o
        14          0          0          0          0         84   h1_init.o
         6          0          0          0          0        152   heapauxi.o
         4          0          0          0          0        136   hguard.o
         0          0          0          0          0          0   indicate_semi.o
        36         10          0          0          0         80   init_aeabi.o
       138          0          0          0          0        168   init_alloc.o
        44         10        272          0          0         76   lc_ctype_c.o
        44         10         28          0          0         76   lc_numeric_c.o
         2          0          0          0          0          0   libinit.o
        42          0          0          0          0          0   libinit2.o
         2          0          0          0          0          0   libshutdown.o
         8          0          0          0          0          0   libshutdown2.o
         8          4          0          0         96         68   libspace.o
       138          0          0          0          0         80   lludiv10.o
         0          0          0          0          0          0   maybetermalloc1.o
        16          4          0          0          0         76   rt_ctype_table.o
         8          4          0          0          0         68   rt_ddtor_pointer_addr_intlibspace.o
         8          4          0          0          0         68   rt_eh_globals_addr_intlibspace.o
         8          4          0          0          0         68   rt_heap_descriptor_intlibspace.o
         8          4          0          0          0         68   rt_locale_intlibspace.o
       100          0          0          0          0         80   rt_memcpy_w.o
         8          4          0          0          0         68   rt_new_handler_addr_intlibspace.o
         2          0          0          0          0          0   rtexit.o
        10          0          0          0          0          0   rtexit2.o
       128          0          0          0          0         68   strcmpv7m.o
        12          4          0          0          0         68   sys_exit.o
        74          0          0          0          0         80   sys_stackheap_outer.o
        14          0          0          0          0         76   sys_wrch.o
         2          0          0          0          0         68   use_no_semi.o
        52          4          0          0          0         80   vsnprintf.o
        36          4          0          0          0         76   vsprintf.o
        16          4          4          8          0         68   char.o
        16          4          4         28          0         68   locale.o
         4          0          0          0          0         68   rwalloc.o
        70         14          4          8          0        164   rwcats.o
        80         12          0          0          0        104   arm_exceptions_globs.o
        60          0          0          0          0        108   arm_exceptions_mem.o
        26          0          0          0          0         76   arm_exceptions_terminate.o
         4          0          0          0          0         68   arm_newhandler_noexceptions.o
         8          0          0          0          0         76   array_del.o
         8          0          0          0          0         76   array_new.o
         8          0          0          0          0         76   delete.o
        40          6          0          0          0         76   new.o
        98          4          0          0          0         92   d2f.o
       826         16          0          0          0        348   daddsub_clz.o
        16          4          0          0          0         68   dcheck1.o
       310          8          0          0          0        180   dcmp4.o
        24          0          0          0          0         68   dcmpi.o
       688        140          0          0          0        208   ddiv.o
        94          4          0          0          0         92   dfix.o
        46          0          0          0          0         68   dflt_clz.o
       120          4          0          0          0         92   dleqf.o
       340         12          0          0          0        104   dmul.o
       156          4          0          0          0         92   dnaninf.o
        12          0          0          0          0         68   dretinf.o
       108          0          0          0          0         80   drleqf.o
        86          4          0          0          0         84   f2d.o
       450          8          0          0          0        236   faddsub_clz.o
        24          0          0          0          0         68   fcmpi.o
       388         76          0          0          0         96   fdiv.o
       104          4          0          0          0         84   feqf.o
        54          4          0          0          0         84   ffix.o
       134          4          0          0          0         84   ffixll.o
        48          0          0          0          0         68   fflt_clz.o
        96          0          0          0          0         84   ffltll_clz.o
       104          4          0          0          0         84   fleqf.o
       258          4          0          0          0         84   fmul.o
       140          4          0          0          0         84   fnaninf.o
        10          0          0          0          0         68   fretinf.o
        98          0          0          0          0         68   frleqf.o
         4          0          0          0          0         68   printf1.o
         4          0          0          0          0         68   printf2.o
       100          0          0          0          0         68   retnan.o
        92          0          0          0          0         68   scalbn.o
        48          0          0          0          0         68   trapv.o
         0          0          0          0          0          0   usenofp.o
       544         70        152          0          0        124   atan.o
       384         38          0          0          0        144   atan2.o
       220         16          0          0          0         84   ceil.o
        26          6          0          0          0        204   dunder.o
        66          0          0          0          0         84   fmin.o
        40          0          0          0          0         68   fpclassify.o
       170          0          0          0          0         96   poly.o
         0          0          8          0          0          0   qnan.o

    ----------------------------------------------------------------------
     14662        866        732         44         96      10888   Library Totals
        40          0          9          0          0          0   (incl. Padding)

    ----------------------------------------------------------------------

      Code (inc. data)   RO Data    RW Data    ZI Data      Debug   Library Name

      7752        388        551          0         96       5880   c_w.l
       106         22         12         44          0        368   cpp_ws.l
       234         18          0          0          0        660   cpprt_w.l
      5080        308          0          0          0       3176   fz_ws.l
      1450        130        160          0          0        804   m_ws.l

    ----------------------------------------------------------------------
     14662        866        732         44         96      10888   Library Totals

    ----------------------------------------------------------------------

==============================================================================


      Code (inc. data)   RO Data    RW Data    ZI Data      Debug   

     30170       1676      17126       1796       3076     383804   Grand Totals
     30170       1676      17126        364       3076     383804   ELF Image Totals (compressed)
     30170       1676      17126        364          0          0   ROM Totals

==============================================================================

    Total RO  Size (Code + RO Data)                47296 (  46.19kB)
    Total RW  Size (RW Data + ZI Data)              4872 (   4.76kB)
    Total ROM Size (Code + RO Data + RW Data)      47660 (  46.54kB)

==============================================================================

